 hammer_launcher

 Timestamp is 5b7b0457 (Mon Aug 20 11:11:35 2018)

 Preferred load address is 00400000

 Start         Length     Name                   Class
 0001:00000000 0004b2baH .textbss                DATA
 0002:00000000 0009a8faH .text                   CODE
 0002:0009a900 000012c3H .text$x                 CODE
 0002:0009bbd0 00001873H .text$yc                CODE
 0002:0009d450 00001066H .text$yd                CODE
 0003:00000000 00000104H .CRT$XCA                DATA
 0003:00000104 00000175H .CRT$XCU                DATA
 0003:0000027c 00000104H .CRT$XCZ                DATA
 0003:00000380 00000104H .CRT$XIA                DATA
 0003:00000484 00000113H .CRT$XIC                DATA
 0003:00000598 00000104H .CRT$XIY                DATA
 0003:0000069c 00000104H .CRT$XIZ                DATA
 0003:000007a0 00000104H .CRT$XPA                DATA
 0003:000008a4 00000109H .CRT$XPX                DATA
 0003:000009b0 00000104H .CRT$XPXA               DATA
 0003:00000ab4 00000104H .CRT$XPZ                DATA
 0003:00000bb8 00000104H .CRT$XTA                DATA
 0003:00000cbc 00000104H .CRT$XTZ                DATA
 0003:00000dc0 000148fcH .rdata                  DATA
 0003:000156bc 00000187H .rdata$debug            DATA
 0003:00015844 000006dfH .rdata$r                DATA
 0003:00015f24 00000104H .rtc$IAA                DATA
 0003:00016028 00000109H .rtc$IMZ                DATA
 0003:00016134 00000104H .rtc$IZZ                DATA
 0003:00016238 00000104H .rtc$TAA                DATA
 0003:0001633c 00000109H .rtc$TMZ                DATA
 0003:00016448 00000104H .rtc$TZZ                DATA
 0003:00016550 00001387H .xdata$x                DATA
 0003:000178e0 00000167H .edata                  DATA
 0004:00000000 00002080H .data                   DATA
 0004:00002080 00005160H .bss                    DATA
 0005:00000000 00000064H .idata$2                DATA
 0005:00000064 00000014H .idata$3                DATA
 0005:00000078 00000344H .idata$4                DATA
 0005:000003bc 00000344H .idata$5                DATA
 0005:00000700 00000bd8H .idata$6                DATA
 0006:00000000 00000233H .rsrc$01                DATA
 0006:00000240 0000107cH .rsrc$02                DATA

  Address         Publics by Value              Rva+Base       Lib:Object

 0000:00000000       __except_list              00000000     <absolute>
 0000:00000000       ___safe_se_handler_table   00000000     <absolute>
 0000:00000000       ___safe_se_handler_count   00000000     <absolute>
 0000:00000000       ___ImageBase               00400000     <linker-defined>
 0001:00000000       __enc$textbss$begin        00401000     <linker-defined>
 0001:0004b2ba       __enc$textbss$end          0044c2ba     <linker-defined>
 0002:000049a0       ??_H@YGXPAXIHP6EPAX0@Z@Z   004519a0 f i main.obj
 0002:00004a10       _WriteMiniDumpUsingExceptionInfo 00451a10 f   main.obj
 0002:00004a40       _WinMain@16                00451a40 f   main.obj
 0002:00004ab0       ?Create@CHammerApp@@UAE_NXZ 00451ab0 f   main.obj
 0002:00004e30       ?Destroy@CHammerApp@@UAEXXZ 00451e30 f   main.obj
 0002:00004eb0       ?HammerSpewFunc@@YA?AW4SpewRetval_t@@W4SpewType_t@@PBD@Z 00451eb0 f   main.obj
 0002:00004f40       ?PreInit@CHammerApp@@UAE_NXZ 00451f40 f   main.obj
 0002:00005280       ?PostShutdown@CHammerApp@@UAEXXZ 00452280 f   main.obj
 0002:000052c0       ?Main@CHammerApp@@UAEHXZ   004522c0 f   main.obj
 0002:00005330       ??0Vector2D@@QAE@MM@Z      00452330 f i main.obj
 0002:00005490       ?IsValid@Vector2D@@QBE_NXZ 00452490 f i main.obj
 0002:00005540       ?IsFinite@@YA_NM@Z         00452540 f i main.obj
 0002:000055b0       ?FloatBits@@YAAAKAAM@Z     004525b0 f i main.obj
 0002:000055f0       ??0Vector4D@@QAE@MMMM@Z    004525f0 f i main.obj
 0002:00005770       ?IsValid@Vector4D@@QBE_NXZ 00452770 f i main.obj
 0002:00005860       ??0CHammerApp@@QAE@XZ      00452860 f i main.obj
 0002:00005900       ??1CAppSystemGroup@@QAE@XZ 00452900 f i main.obj
 0002:000059b0       ??1?$CUtlVector@UModule_t@CAppSystemGroup@@V?$CUtlMemory@UModule_t@CAppSystemGroup@@H@@@@QAE@XZ 004529b0 f i main.obj
 0002:00005a50       ??1?$CUtlVector@PAVIAppSystem@@V?$CUtlMemory@PAVIAppSystem@@H@@@@QAE@XZ 00452a50 f i main.obj
 0002:00005af0       ??1?$CUtlDict@HG@@QAE@XZ   00452af0 f i main.obj
 0002:00005b90       ??1?$CUtlMap@PBDHG@@QAE@XZ 00452b90 f i main.obj
 0002:00005c20       ?Purge@?$CUtlVector@UModule_t@CAppSystemGroup@@V?$CUtlMemory@UModule_t@CAppSystemGroup@@H@@@@QAEXXZ 00452c20 f i main.obj
 0002:00005c90       ??1?$CUtlMemory@UModule_t@CAppSystemGroup@@H@@QAE@XZ 00452c90 f i main.obj
 0002:00005ce0       ?Purge@?$CUtlVector@PAVIAppSystem@@V?$CUtlMemory@PAVIAppSystem@@H@@@@QAEXXZ 00452ce0 f i main.obj
 0002:00005d50       ??1?$CUtlMemory@PAVIAppSystem@@H@@QAE@XZ 00452d50 f i main.obj
 0002:00005da0       ?Purge@?$CUtlDict@HG@@QAEXXZ 00452da0 f i main.obj
 0002:00005df0       ??1?$CUtlRBTree@UNode_t@?$CUtlMap@PBDHG@@GVCKeyLess@2@V?$CUtlMemory@U?$UtlRBTreeNode_t@UNode_t@?$CUtlMap@PBDHG@@G@@G@@@@QAE@XZ 00452df0 f i main.obj
 0002:00005e90       ?ResetDbgInfo@?$CUtlVector@UModule_t@CAppSystemGroup@@V?$CUtlMemory@UModule_t@CAppSystemGroup@@H@@@@IAEXXZ 00452e90 f i main.obj
 0002:00005ef0       ?ResetDbgInfo@?$CUtlVector@PAVIAppSystem@@V?$CUtlMemory@PAVIAppSystem@@H@@@@IAEXXZ 00452ef0 f i main.obj
 0002:00005f50       ?Base@?$CUtlVector@UModule_t@CAppSystemGroup@@V?$CUtlMemory@UModule_t@CAppSystemGroup@@H@@@@QAEPAUModule_t@CAppSystemGroup@@XZ 00452f50 f i main.obj
 0002:00005fa0       ?Base@?$CUtlVector@PAVIAppSystem@@V?$CUtlMemory@PAVIAppSystem@@H@@@@QAEPAPAVIAppSystem@@XZ 00452fa0 f i main.obj
 0002:00005ff0       ?RemoveAll@?$CUtlVector@UModule_t@CAppSystemGroup@@V?$CUtlMemory@UModule_t@CAppSystemGroup@@H@@@@QAEXXZ 00452ff0 f i main.obj
 0002:00006080       ?Base@?$CUtlMemory@UModule_t@CAppSystemGroup@@H@@QAEPAUModule_t@CAppSystemGroup@@XZ 00453080 f i main.obj
 0002:000061c0       ?Purge@?$CUtlMemory@UModule_t@CAppSystemGroup@@H@@QAEXXZ 004531c0 f i main.obj
 0002:00006270       ?RemoveAll@?$CUtlVector@PAVIAppSystem@@V?$CUtlMemory@PAVIAppSystem@@H@@@@QAEXXZ 00453270 f i main.obj
 0002:00006300       ?Base@?$CUtlMemory@PAVIAppSystem@@H@@QAEPAPAVIAppSystem@@XZ 00453300 f i main.obj
 0002:00006440       ?Purge@?$CUtlMemory@PAVIAppSystem@@H@@QAEXXZ 00453440 f i main.obj
 0002:000064f0       ?RemoveAll@?$CUtlDict@HG@@QAEXXZ 004534f0 f i main.obj
 0002:000065c0       ?Purge@?$CUtlRBTree@UNode_t@?$CUtlMap@PBDHG@@GVCKeyLess@2@V?$CUtlMemory@U?$UtlRBTreeNode_t@UNode_t@?$CUtlMap@PBDHG@@G@@G@@@@QAEXXZ 004535c0 f i main.obj
 0002:00006650       ??1?$CUtlMemory@U?$UtlRBTreeNode_t@UNode_t@?$CUtlMap@PBDHG@@G@@G@@QAE@XZ 00453650 f i main.obj
 0002:000066a0       ?Key@?$CUtlMap@PBDHG@@QAEAAPBDG@Z 004536a0 f i main.obj
 0002:00006700       ?InvalidIndex@?$CUtlMap@PBDHG@@SAGXZ 00453700 f i main.obj
 0002:00006750       ?RemoveAll@?$CUtlMap@PBDHG@@QAEXXZ 00453750 f i main.obj
 0002:000067a0       ?FirstInorder@?$CUtlMap@PBDHG@@QBEGXZ 004537a0 f i main.obj
 0002:000067f0       ?NextInorder@?$CUtlMap@PBDHG@@QBEGG@Z 004537f0 f i main.obj
 0002:00006850       ?InvalidIterator@?$CUtlMemory@U?$UtlRBTreeNode_t@UNode_t@?$CUtlMap@PBDHG@@G@@G@@QBE?AVIterator_t@1@XZ 00453850 f i main.obj
 0002:000068b0       ?InvalidIndex@?$CUtlMemory@U?$UtlRBTreeNode_t@UNode_t@?$CUtlMap@PBDHG@@G@@G@@SAGXZ 004538b0 f i main.obj
 0002:000068f0       ??0Iterator_t@?$CUtlMemory@U?$UtlRBTreeNode_t@UNode_t@?$CUtlMap@PBDHG@@G@@G@@QAE@G@Z 004538f0 f i main.obj
 0002:00006940       ?Element@?$CUtlVector@UModule_t@CAppSystemGroup@@V?$CUtlMemory@UModule_t@CAppSystemGroup@@H@@@@QAEAAUModule_t@CAppSystemGroup@@H@Z 00453940 f i main.obj
 0002:000069a0       ??$Destruct@UModule_t@CAppSystemGroup@@@@YAXPAUModule_t@CAppSystemGroup@@@Z 004539a0 f i main.obj
 0002:00006a00       ?IsExternallyAllocated@?$CUtlMemory@UModule_t@CAppSystemGroup@@H@@QBE_NXZ 00453a00 f i main.obj
 0002:00006a50       ?IsReadOnly@?$CUtlMemory@UModule_t@CAppSystemGroup@@H@@QBE_NXZ 00453a50 f i main.obj
 0002:00006aa0       ?Element@?$CUtlVector@PAVIAppSystem@@V?$CUtlMemory@PAVIAppSystem@@H@@@@QAEAAPAVIAppSystem@@H@Z 00453aa0 f i main.obj
 0002:00006b00       ??$Destruct@PAVIAppSystem@@@@YAXPAPAVIAppSystem@@@Z 00453b00 f i main.obj
 0002:00006b60       ?IsExternallyAllocated@?$CUtlMemory@PAVIAppSystem@@H@@QBE_NXZ 00453b60 f i main.obj
 0002:00006bb0       ?IsReadOnly@?$CUtlMemory@PAVIAppSystem@@H@@QBE_NXZ 00453bb0 f i main.obj
 0002:00006c00       ?Element@?$CUtlRBTree@UNode_t@?$CUtlMap@PBDHG@@GVCKeyLess@2@V?$CUtlMemory@U?$UtlRBTreeNode_t@UNode_t@?$CUtlMap@PBDHG@@G@@G@@@@QAEAAUNode_t@?$CUtlMap@PBDHG@@G@Z 00453c00 f i main.obj
 0002:00006c60       ?InvalidIndex@?$CUtlRBTree@UNode_t@?$CUtlMap@PBDHG@@GVCKeyLess@2@V?$CUtlMemory@U?$UtlRBTreeNode_t@UNode_t@?$CUtlMap@PBDHG@@G@@G@@@@SAGXZ 00453c60 f i main.obj
 0002:00006cb0       ?RemoveAll@?$CUtlRBTree@UNode_t@?$CUtlMap@PBDHG@@GVCKeyLess@2@V?$CUtlMemory@U?$UtlRBTreeNode_t@UNode_t@?$CUtlMap@PBDHG@@G@@G@@@@QAEXXZ 00453cb0 f i main.obj
 0002:00007260       ?FirstInorder@?$CUtlRBTree@UNode_t@?$CUtlMap@PBDHG@@GVCKeyLess@2@V?$CUtlMemory@U?$UtlRBTreeNode_t@UNode_t@?$CUtlMap@PBDHG@@G@@G@@@@QBEGXZ 00454260 f i main.obj
 0002:00007300       ?NextInorder@?$CUtlRBTree@UNode_t@?$CUtlMap@PBDHG@@GVCKeyLess@2@V?$CUtlMemory@U?$UtlRBTreeNode_t@UNode_t@?$CUtlMap@PBDHG@@G@@G@@@@QBEGG@Z 00454300 f i main.obj
 0002:00007520       ?Purge@?$CUtlMemory@U?$UtlRBTreeNode_t@UNode_t@?$CUtlMap@PBDHG@@G@@G@@QAEXXZ 00454520 f i main.obj
 0002:000075d0       ?First@?$CUtlMemory@U?$UtlRBTreeNode_t@UNode_t@?$CUtlMap@PBDHG@@G@@G@@QBE?AVIterator_t@1@XZ 004545d0 f i main.obj
 0002:00007670       ?Next@?$CUtlMemory@U?$UtlRBTreeNode_t@UNode_t@?$CUtlMap@PBDHG@@G@@G@@QBE?AVIterator_t@1@ABV21@@Z 00454670 f i main.obj
 0002:00007720       ?GetIndex@?$CUtlMemory@U?$UtlRBTreeNode_t@UNode_t@?$CUtlMap@PBDHG@@G@@G@@QBEGABVIterator_t@1@@Z 00454720 f i main.obj
 0002:00007760       ??8Iterator_t@?$CUtlMemory@U?$UtlRBTreeNode_t@UNode_t@?$CUtlMap@PBDHG@@G@@G@@QBE_NV01@@Z 00454760 f i main.obj
 0002:000077b0       ??9Iterator_t@?$CUtlMemory@U?$UtlRBTreeNode_t@UNode_t@?$CUtlMap@PBDHG@@G@@G@@QBE_NV01@@Z 004547b0 f i main.obj
 0002:00007800       ??A?$CUtlMemory@UModule_t@CAppSystemGroup@@H@@QAEAAUModule_t@CAppSystemGroup@@H@Z 00454800 f i main.obj
 0002:00007a40       ??A?$CUtlMemory@PAVIAppSystem@@H@@QAEAAPAVIAppSystem@@H@Z 00454a40 f i main.obj
 0002:00007c80       ?Parent@?$CUtlRBTree@UNode_t@?$CUtlMap@PBDHG@@GVCKeyLess@2@V?$CUtlMemory@U?$UtlRBTreeNode_t@UNode_t@?$CUtlMap@PBDHG@@G@@G@@@@QBEGG@Z 00454c80 f i main.obj
 0002:00007ce0       ?LeftChild@?$CUtlRBTree@UNode_t@?$CUtlMap@PBDHG@@GVCKeyLess@2@V?$CUtlMemory@U?$UtlRBTreeNode_t@UNode_t@?$CUtlMap@PBDHG@@G@@G@@@@QBEGG@Z 00454ce0 f i main.obj
 0002:00007d40       ?RightChild@?$CUtlRBTree@UNode_t@?$CUtlMap@PBDHG@@GVCKeyLess@2@V?$CUtlMemory@U?$UtlRBTreeNode_t@UNode_t@?$CUtlMap@PBDHG@@G@@G@@@@QBEGG@Z 00454d40 f i main.obj
 0002:00007da0       ?IsRightChild@?$CUtlRBTree@UNode_t@?$CUtlMap@PBDHG@@GVCKeyLess@2@V?$CUtlMemory@U?$UtlRBTreeNode_t@UNode_t@?$CUtlMap@PBDHG@@G@@G@@@@QBE_NG@Z 00454da0 f i main.obj
 0002:00007e20       ?IsValidIndex@?$CUtlRBTree@UNode_t@?$CUtlMap@PBDHG@@GVCKeyLess@2@V?$CUtlMemory@U?$UtlRBTreeNode_t@UNode_t@?$CUtlMap@PBDHG@@G@@G@@@@QBE_NG@Z 00454e20 f i main.obj
 0002:00007ee0       ?IsValid@?$CUtlRBTree@UNode_t@?$CUtlMap@PBDHG@@GVCKeyLess@2@V?$CUtlMemory@U?$UtlRBTreeNode_t@UNode_t@?$CUtlMap@PBDHG@@G@@G@@@@QBE_NXZ 00454ee0 f i main.obj
 0002:00007fd0       ?SetLeftChild@?$CUtlRBTree@UNode_t@?$CUtlMap@PBDHG@@GVCKeyLess@2@V?$CUtlMemory@U?$UtlRBTreeNode_t@UNode_t@?$CUtlMap@PBDHG@@G@@G@@@@IAEXGG@Z 00454fd0 f i main.obj
 0002:00008030       ?SetRightChild@?$CUtlRBTree@UNode_t@?$CUtlMap@PBDHG@@GVCKeyLess@2@V?$CUtlMemory@U?$UtlRBTreeNode_t@UNode_t@?$CUtlMap@PBDHG@@G@@G@@@@IAEXGG@Z 00455030 f i main.obj
 0002:000080a0       ??A?$CUtlMemory@U?$UtlRBTreeNode_t@UNode_t@?$CUtlMap@PBDHG@@G@@G@@QAEAAU?$UtlRBTreeNode_t@UNode_t@?$CUtlMap@PBDHG@@G@@G@Z 004550a0 f i main.obj
 0002:000082e0       ?IsIdxValid@?$CUtlMemory@U?$UtlRBTreeNode_t@UNode_t@?$CUtlMap@PBDHG@@G@@G@@QBE_NG@Z 004552e0 f i main.obj
 0002:00008360       ?IsExternallyAllocated@?$CUtlMemory@U?$UtlRBTreeNode_t@UNode_t@?$CUtlMap@PBDHG@@G@@G@@QBE_NXZ 00455360 f i main.obj
 0002:000083b0       ??$Destruct@UNode_t@?$CUtlMap@PBDHG@@@@YAXPAUNode_t@?$CUtlMap@PBDHG@@@Z 004553b0 f i main.obj
 0002:00008410       ?IsIdxAfter@?$CUtlMemory@U?$UtlRBTreeNode_t@UNode_t@?$CUtlMap@PBDHG@@G@@G@@QBE_NGABVIterator_t@1@@Z 00455410 f i main.obj
 0002:00008460       ?IsIdxValid@?$CUtlMemory@UModule_t@CAppSystemGroup@@H@@QBE_NH@Z 00455460 f i main.obj
 0002:000084d0       ?IsIdxValid@?$CUtlMemory@PAVIAppSystem@@H@@QBE_NH@Z 004554d0 f i main.obj
 0002:00008540       ?Root@?$CUtlRBTree@UNode_t@?$CUtlMap@PBDHG@@GVCKeyLess@2@V?$CUtlMemory@U?$UtlRBTreeNode_t@UNode_t@?$CUtlMap@PBDHG@@G@@G@@@@QBEGXZ 00455540 f i main.obj
 0002:00008580       ?Count@?$CUtlRBTree@UNode_t@?$CUtlMap@PBDHG@@GVCKeyLess@2@V?$CUtlMemory@U?$UtlRBTreeNode_t@UNode_t@?$CUtlMap@PBDHG@@G@@G@@@@QBEIXZ 00455580 f i main.obj
 0002:000085c0       ?Links@?$CUtlRBTree@UNode_t@?$CUtlMap@PBDHG@@GVCKeyLess@2@V?$CUtlMemory@U?$UtlRBTreeNode_t@UNode_t@?$CUtlMap@PBDHG@@G@@G@@@@IAEAAU?$UtlRBTreeLinks_t@G@@G@Z 004555c0 f i main.obj
 0002:00008710       ?Links@?$CUtlRBTree@UNode_t@?$CUtlMap@PBDHG@@GVCKeyLess@2@V?$CUtlMemory@U?$UtlRBTreeNode_t@UNode_t@?$CUtlMap@PBDHG@@G@@G@@@@IBEABU?$UtlRBTreeLinks_t@G@@G@Z 00455710 f i main.obj
 0002:00008840       ?IsReadOnly@?$CUtlMemory@U?$UtlRBTreeNode_t@UNode_t@?$CUtlMap@PBDHG@@G@@G@@QBE_NXZ 00455840 f i main.obj
 0002:00008890       ??A?$CUtlMemory@U?$UtlRBTreeNode_t@UNode_t@?$CUtlMap@PBDHG@@G@@G@@QBEABU?$UtlRBTreeNode_t@UNode_t@?$CUtlMap@PBDHG@@G@@G@Z 00455890 f i main.obj
 0002:000089e0       ??1CHammerApp@@QAE@XZ      004559e0 f i main.obj
 0002:00008a68       _MessageBoxA@16            00455a68 f   user32:USER32.dll
 0002:00008a70       ?WinAppDefaultSpewFunc@@YA?AW4SpewRetval_t@@W4SpewType_t@@PBD@Z 00455a70 f   appframework:WinApp.obj
 0002:00008b10       ?ConsoleAppDefaultSpewFunc@@YA?AW4SpewRetval_t@@W4SpewType_t@@PBD@Z 00455b10 f   appframework:WinApp.obj
 0002:00008bc0       ?GetAppInstance@@YAPAXXZ   00455bc0 f   appframework:WinApp.obj
 0002:00008c00       ?SetAppInstance@@YAXPAX@Z  00455c00 f   appframework:WinApp.obj
 0002:00008c40       ?AppMain@@YAHPAX0PBDHPAVCAppSystemGroup@@@Z 00455c40 f   appframework:WinApp.obj
 0002:00008de0       ?AppMain@@YAHHPAPADPAVCAppSystemGroup@@@Z 00455de0 f   appframework:WinApp.obj
 0002:00008f80       ?AppStartup@@YAHPAX0PBDHPAVCAppSystemGroup@@@Z 00455f80 f   appframework:WinApp.obj
 0002:00009140       ?AppStartup@@YAHHPAPADPAVCAppSystemGroup@@@Z 00456140 f   appframework:WinApp.obj
 0002:000092f0       ?AppShutdown@@YAXPAVCAppSystemGroup@@@Z 004562f0 f   appframework:WinApp.obj
 0002:00009440       ??0CSteamApplication@@QAE@PAVCSteamAppSystemGroup@@@Z 00456440 f   appframework:WinApp.obj
 0002:000094d0       ?Create@CSteamApplication@@UAE_NXZ 004564d0 f   appframework:WinApp.obj
 0002:00009650       ?Destroy@CSteamApplication@@UAEXXZ 00456650 f   appframework:WinApp.obj
 0002:000096a0       ?PreInit@CSteamApplication@@UAE_NXZ 004566a0 f   appframework:WinApp.obj
 0002:000096e0       ?PostShutdown@CSteamApplication@@UAEXXZ 004566e0 f   appframework:WinApp.obj
 0002:00009720       ?Main@CSteamApplication@@UAEHXZ 00456720 f   appframework:WinApp.obj
 0002:000097b0       ?Startup@CSteamApplication@@UAEHXZ 004567b0 f   appframework:WinApp.obj
 0002:00009880       ?Shutdown@CSteamApplication@@UAEXXZ 00456880 f   appframework:WinApp.obj
 0002:00009900       ??0CAppSystemGroup@@QAE@PAV0@@Z 00456900 f   appframework:AppSystemGroup.obj
 0002:000099b0       ??0IAppSystemGroup@@QAE@XZ 004569b0 f i appframework:AppSystemGroup.obj
 0002:00009a00       ?LoadModuleDLL@CAppSystemGroup@@EAEPAVCSysModule@@PBD@Z 00456a00 f   appframework:AppSystemGroup.obj
 0002:00009a60       ?LoadModule@CAppSystemGroup@@IAEHPBD@Z 00456a60 f   appframework:AppSystemGroup.obj
 0002:00009d30       ?LoadModule@CAppSystemGroup@@IAEHP6APAXPBDPAH@Z@Z 00456d30 f   appframework:AppSystemGroup.obj
 0002:00009e70       ?UnloadAllModules@CAppSystemGroup@@AAEXXZ 00456e70 f   appframework:AppSystemGroup.obj
 0002:00009f80       ?AddSystem@CAppSystemGroup@@IAEPAVIAppSystem@@HPBD@Z 00456f80 f   appframework:AppSystemGroup.obj
 0002:0000a2b0       ??0CMemAllocAttributeAlloction@@QAE@PBDH@Z 004572b0 f i appframework:AppSystemGroup.obj
 0002:0000a330       ??1CMemAllocAttributeAlloction@@QAE@XZ 00457330 f i appframework:AppSystemGroup.obj
 0002:0000a3a0       ?ReportStartupFailure@CAppSystemGroup@@AAEXHH@Z 004573a0 f   appframework:AppSystemGroup.obj
 0002:0000a4c0       ?AddSystem@CAppSystemGroup@@IAEXPAVIAppSystem@@PBD@Z 004574c0 f   appframework:AppSystemGroup.obj
 0002:0000a5e0       ?RemoveAllSystems@CAppSystemGroup@@AAEXXZ 004575e0 f   appframework:AppSystemGroup.obj
 0002:0000a640       ?AddSystems@CAppSystemGroup@@IAE_NPAUAppSystemInfo_t@@@Z 00457640 f   appframework:AppSystemGroup.obj
 0002:0000a710       ?FindSystem@CAppSystemGroup@@IAEPAXPBD@Z 00457710 f   appframework:AppSystemGroup.obj
 0002:0000a870       ?GetParent@CAppSystemGroup@@AAEPAV1@XZ 00457870 f   appframework:AppSystemGroup.obj
 0002:0000a8b0       ?ConnectSystems@CAppSystemGroup@@AAE_NXZ 004578b0 f   appframework:AppSystemGroup.obj
 0002:0000a980       ?DisconnectSystems@CAppSystemGroup@@AAEXXZ 00457980 f   appframework:AppSystemGroup.obj
 0002:0000aa30       ?InitSystems@CAppSystemGroup@@AAE?AW4InitReturnVal_t@@XZ 00457a30 f   appframework:AppSystemGroup.obj
 0002:0000ab10       ?ShutdownSystems@CAppSystemGroup@@AAEXXZ 00457b10 f   appframework:AppSystemGroup.obj
 0002:0000abc0       ?GetErrorStage@CAppSystemGroup@@QBE?AW4AppSystemGroupStage_t@1@XZ 00457bc0 f   appframework:AppSystemGroup.obj
 0002:0000ac00       ?AppSystemCreateInterfaceFn@@YAPAXPBDPAH@Z 00457c00 f   appframework:AppSystemGroup.obj
 0002:0000ac80       ?GetFactory@CAppSystemGroup@@KAP6APAXPBDPAH@ZXZ 00457c80 f   appframework:AppSystemGroup.obj
 0002:0000acc0       ?Run@CAppSystemGroup@@QAEHXZ 00457cc0 f   appframework:AppSystemGroup.obj
 0002:0000ad70       ?Startup@CAppSystemGroup@@UAEHXZ 00457d70 f   appframework:AppSystemGroup.obj
 0002:0000adc0       ?Shutdown@CAppSystemGroup@@UAEXXZ 00457dc0 f   appframework:AppSystemGroup.obj
 0002:0000ae10       ?OnStartup@CAppSystemGroup@@AAEHXZ 00457e10 f   appframework:AppSystemGroup.obj
 0002:0000af30       ?OnShutdown@CAppSystemGroup@@AAEXXZ 00457f30 f   appframework:AppSystemGroup.obj
 0002:0000b050       ??0CSteamAppSystemGroup@@QAE@PAVIFileSystem@@PAVCAppSystemGroup@@@Z 00458050 f   appframework:AppSystemGroup.obj
 0002:0000b0d0       ?Setup@CSteamAppSystemGroup@@QAEXPAVIFileSystem@@PAVCAppSystemGroup@@@Z 004580d0 f   appframework:AppSystemGroup.obj
 0002:0000b120       ?LoadModuleDLL@CSteamAppSystemGroup@@EAEPAVCSysModule@@PBD@Z 00458120 f   appframework:AppSystemGroup.obj
 0002:0000b1a0       ?GetGameInfoPath@CSteamAppSystemGroup@@IBEPBDXZ 004581a0 f   appframework:AppSystemGroup.obj
 0002:0000b1e0       ?SetupSearchPaths@CSteamAppSystemGroup@@IAE_NPBD_N1@Z 004581e0 f   appframework:AppSystemGroup.obj
 0002:0000b410       ??0?$CUtlVector@UModule_t@CAppSystemGroup@@V?$CUtlMemory@UModule_t@CAppSystemGroup@@H@@@@QAE@HH@Z 00458410 f i appframework:AppSystemGroup.obj
 0002:0000b490       ??A?$CUtlVector@UModule_t@CAppSystemGroup@@V?$CUtlMemory@UModule_t@CAppSystemGroup@@H@@@@QAEAAUModule_t@CAppSystemGroup@@H@Z 00458490 f i appframework:AppSystemGroup.obj
 0002:0000b4f0       ?Count@?$CUtlVector@UModule_t@CAppSystemGroup@@V?$CUtlMemory@UModule_t@CAppSystemGroup@@H@@@@QBEHXZ 004584f0 f i appframework:AppSystemGroup.obj
 0002:0000b530       ?AddToTail@?$CUtlVector@UModule_t@CAppSystemGroup@@V?$CUtlMemory@UModule_t@CAppSystemGroup@@H@@@@QAEHXZ 00458530 f i appframework:AppSystemGroup.obj
 0002:0000b590       ??0?$CUtlVector@PAVIAppSystem@@V?$CUtlMemory@PAVIAppSystem@@H@@@@QAE@HH@Z 00458590 f i appframework:AppSystemGroup.obj
 0002:0000b610       ??A?$CUtlVector@PAVIAppSystem@@V?$CUtlMemory@PAVIAppSystem@@H@@@@QAEAAPAVIAppSystem@@H@Z 00458610 f i appframework:AppSystemGroup.obj
 0002:0000b670       ?Count@?$CUtlVector@PAVIAppSystem@@V?$CUtlMemory@PAVIAppSystem@@H@@@@QBEHXZ 00458670 f i appframework:AppSystemGroup.obj
 0002:0000b6b0       ?AddToTail@?$CUtlVector@PAVIAppSystem@@V?$CUtlMemory@PAVIAppSystem@@H@@@@QAEHABQAVIAppSystem@@@Z 004586b0 f i appframework:AppSystemGroup.obj
 0002:0000b840       ??0?$CUtlDict@HG@@QAE@HHH@Z 00458840 f i appframework:AppSystemGroup.obj
 0002:0000b8f0       ?StringLessThan@@YA_NABQBD0@Z 004588f0 f i appframework:AppSystemGroup.obj
 0002:0000b960       ?CaselessStringLessThan@@YA_NABQBD0@Z 00458960 f i appframework:AppSystemGroup.obj
 0002:0000b9d0       ?CaselessStringLessThanIgnoreSlashes@@YA_NABQBD0@Z 004589d0 f i appframework:AppSystemGroup.obj
 0002:0000bb20       ??A?$CUtlDict@HG@@QAEAAHG@Z 00458b20 f i appframework:AppSystemGroup.obj
 0002:0000bb80       ?GetElementName@?$CUtlDict@HG@@QAEPADG@Z 00458b80 f i appframework:AppSystemGroup.obj
 0002:0000bbe0       ?InvalidIndex@?$CUtlDict@HG@@SAGXZ 00458be0 f i appframework:AppSystemGroup.obj
 0002:0000bc30       ?Insert@?$CUtlDict@HG@@QAEGPBDABH@Z 00458c30 f i appframework:AppSystemGroup.obj
 0002:0000bd50       ?MemAlloc_StrDup@@YAPADPBD0I@Z 00458d50 f i appframework:AppSystemGroup.obj
 0002:0000be10       ?Find@?$CUtlDict@HG@@QBEGPBD@Z 00458e10 f i appframework:AppSystemGroup.obj
 0002:0000bf30       ?First@?$CUtlDict@HG@@QBEGXZ 00458f30 f i appframework:AppSystemGroup.obj
 0002:0000bf80       ?Next@?$CUtlDict@HG@@QBEGG@Z 00458f80 f i appframework:AppSystemGroup.obj
 0002:0000bfe0       ??0?$CUtlMap@PBDHG@@QAE@HHP6A_NABQBD0@Z@Z 00458fe0 f i appframework:AppSystemGroup.obj
 0002:0000c060       ?SetLessFunc@?$CUtlMap@PBDHG@@QAEXP6A_NABQBD0@Z@Z 00459060 f i appframework:AppSystemGroup.obj
 0002:0000c0d0       ?Insert@?$CUtlMap@PBDHG@@QAEGABQBDABH@Z 004590d0 f i appframework:AppSystemGroup.obj
 0002:0000c180       ?Find@?$CUtlMap@PBDHG@@QBEGABQBD@Z 00459180 f i appframework:AppSystemGroup.obj
 0002:0000c230       ??0CKeyLess@?$CUtlMap@PBDHG@@QAE@P6A_NABQBD0@Z@Z 00459230 f i appframework:AppSystemGroup.obj
 0002:0000c280       ??0Node_t@?$CUtlMap@PBDHG@@QAE@XZ 00459280 f i appframework:AppSystemGroup.obj
 0002:0000c2c0       ?InsertBefore@?$CUtlVector@UModule_t@CAppSystemGroup@@V?$CUtlMemory@UModule_t@CAppSystemGroup@@H@@@@QAEHH@Z 004592c0 f i appframework:AppSystemGroup.obj
 0002:0000c450       ??0?$CUtlMemory@UModule_t@CAppSystemGroup@@H@@QAE@HH@Z 00459450 f i appframework:AppSystemGroup.obj
 0002:0000c680       ?InsertBefore@?$CUtlVector@PAVIAppSystem@@V?$CUtlMemory@PAVIAppSystem@@H@@@@QAEHHABQAVIAppSystem@@@Z 00459680 f i appframework:AppSystemGroup.obj
 0002:0000c940       ??0?$CUtlMemory@PAVIAppSystem@@H@@QAE@HH@Z 00459940 f i appframework:AppSystemGroup.obj
 0002:0000cb70       ?Element@?$CUtlDict@HG@@QAEAAHG@Z 00459b70 f i appframework:AppSystemGroup.obj
 0002:0000cbd0       ??0?$CUtlRBTree@UNode_t@?$CUtlMap@PBDHG@@GVCKeyLess@2@V?$CUtlMemory@U?$UtlRBTreeNode_t@UNode_t@?$CUtlMap@PBDHG@@G@@G@@@@QAE@HHABVCKeyLess@?$CUtlMap@PBDHG@@@Z 00459bd0 f i appframework:AppSystemGroup.obj
 0002:0000cc90       ?SetLessFunc@?$CUtlRBTree@UNode_t@?$CUtlMap@PBDHG@@GVCKeyLess@2@V?$CUtlMemory@U?$UtlRBTreeNode_t@UNode_t@?$CUtlMap@PBDHG@@G@@G@@@@QAEXABVCKeyLess@?$CUtlMap@PBDHG@@@Z 00459c90 f i appframework:AppSystemGroup.obj
 0002:0000ce00       ?Insert@?$CUtlRBTree@UNode_t@?$CUtlMap@PBDHG@@GVCKeyLess@2@V?$CUtlMemory@U?$UtlRBTreeNode_t@UNode_t@?$CUtlMap@PBDHG@@G@@G@@@@QAEGABUNode_t@?$CUtlMap@PBDHG@@@Z 00459e00 f i appframework:AppSystemGroup.obj
 0002:0000cf00       ?Find@?$CUtlRBTree@UNode_t@?$CUtlMap@PBDHG@@GVCKeyLess@2@V?$CUtlMemory@U?$UtlRBTreeNode_t@UNode_t@?$CUtlMap@PBDHG@@G@@G@@@@QBEGABUNode_t@?$CUtlMap@PBDHG@@@Z 00459f00 f i appframework:AppSystemGroup.obj
 0002:0000d0f0       ?ValidateGrowSize@?$CUtlMemory@UModule_t@CAppSystemGroup@@H@@IAEXXZ 0045a0f0 f i appframework:AppSystemGroup.obj
 0002:0000d130       ?ValidateGrowSize@?$CUtlMemory@PAVIAppSystem@@H@@IAEXXZ 0045a130 f i appframework:AppSystemGroup.obj
 0002:0000d170       ??A?$CUtlMap@PBDHG@@QAEAAHG@Z 0045a170 f i appframework:AppSystemGroup.obj
 0002:0000d1d0       ?ResetDbgInfo@?$CUtlRBTree@UNode_t@?$CUtlMap@PBDHG@@GVCKeyLess@2@V?$CUtlMemory@U?$UtlRBTreeNode_t@UNode_t@?$CUtlMap@PBDHG@@G@@G@@@@IAEXXZ 0045a1d0 f i appframework:AppSystemGroup.obj
 0002:0000d230       ??7CKeyLess@?$CUtlMap@PBDHG@@QBE_NXZ 0045a230 f i appframework:AppSystemGroup.obj
 0002:0000d280       ??RCKeyLess@?$CUtlMap@PBDHG@@QBE_NABUNode_t@1@0@Z 0045a280 f i appframework:AppSystemGroup.obj
 0002:0000d2f0       ?IsValidIndex@?$CUtlVector@UModule_t@CAppSystemGroup@@V?$CUtlMemory@UModule_t@CAppSystemGroup@@H@@@@QBE_NH@Z 0045a2f0 f i appframework:AppSystemGroup.obj
 0002:0000d360       ?GrowVector@?$CUtlVector@UModule_t@CAppSystemGroup@@V?$CUtlMemory@UModule_t@CAppSystemGroup@@H@@@@IAEXH@Z 0045a360 f i appframework:AppSystemGroup.obj
 0002:0000d480       ?ShiftElementsRight@?$CUtlVector@UModule_t@CAppSystemGroup@@V?$CUtlMemory@UModule_t@CAppSystemGroup@@H@@@@IAEXHH@Z 0045a480 f i appframework:AppSystemGroup.obj
 0002:0000d640       ??$Construct@UModule_t@CAppSystemGroup@@@@YAXPAUModule_t@CAppSystemGroup@@@Z 0045a640 f i appframework:AppSystemGroup.obj
 0002:0000d6a0       ??2@YAPAXIPAX@Z            0045a6a0 f i appframework:AppSystemGroup.obj
 0002:0000d6e0       ?IsValidIndex@?$CUtlVector@PAVIAppSystem@@V?$CUtlMemory@PAVIAppSystem@@H@@@@QBE_NH@Z 0045a6e0 f i appframework:AppSystemGroup.obj
 0002:0000d750       ?GrowVector@?$CUtlVector@PAVIAppSystem@@V?$CUtlMemory@PAVIAppSystem@@H@@@@IAEXH@Z 0045a750 f i appframework:AppSystemGroup.obj
 0002:0000d870       ?ShiftElementsRight@?$CUtlVector@PAVIAppSystem@@V?$CUtlMemory@PAVIAppSystem@@H@@@@IAEXHH@Z 0045a870 f i appframework:AppSystemGroup.obj
 0002:0000da30       ??$CopyConstruct@PAVIAppSystem@@@@YAXPAPAVIAppSystem@@ABQAV0@@Z 0045aa30 f i appframework:AppSystemGroup.obj
 0002:0000dad0       ?Element@?$CUtlRBTree@UNode_t@?$CUtlMap@PBDHG@@GVCKeyLess@2@V?$CUtlMemory@U?$UtlRBTreeNode_t@UNode_t@?$CUtlMap@PBDHG@@G@@G@@@@QBEABUNode_t@?$CUtlMap@PBDHG@@G@Z 0045aad0 f i appframework:AppSystemGroup.obj
 0002:0000db30       ?InsertAt@?$CUtlRBTree@UNode_t@?$CUtlMap@PBDHG@@GVCKeyLess@2@V?$CUtlMemory@U?$UtlRBTreeNode_t@UNode_t@?$CUtlMap@PBDHG@@G@@G@@@@IAEGG_N@Z 0045ab30 f i appframework:AppSystemGroup.obj
 0002:0000dcb0       ?FindInsertionPosition@?$CUtlRBTree@UNode_t@?$CUtlMap@PBDHG@@GVCKeyLess@2@V?$CUtlMemory@U?$UtlRBTreeNode_t@UNode_t@?$CUtlMap@PBDHG@@G@@G@@@@IAEXABUNode_t@?$CUtlMap@PBDHG@@AAGAA_N@Z 0045acb0 f i appframework:AppSystemGroup.obj
 0002:0000de90       ??0?$CUtlMemory@U?$UtlRBTreeNode_t@UNode_t@?$CUtlMap@PBDHG@@G@@G@@QAE@HH@Z 0045ae90 f i appframework:AppSystemGroup.obj
 0002:0000e0c0       ?Base@?$CUtlMemory@U?$UtlRBTreeNode_t@UNode_t@?$CUtlMap@PBDHG@@G@@G@@QAEPAU?$UtlRBTreeNode_t@UNode_t@?$CUtlMap@PBDHG@@G@@XZ 0045b0c0 f i appframework:AppSystemGroup.obj
 0002:0000e200       ??$CopyConstruct@UNode_t@?$CUtlMap@PBDHG@@@@YAXPAUNode_t@?$CUtlMap@PBDHG@@ABU01@@Z 0045b200 f i appframework:AppSystemGroup.obj
 0002:0000e290       ?ValidateGrowSize@?$CUtlMemory@U?$UtlRBTreeNode_t@UNode_t@?$CUtlMap@PBDHG@@G@@G@@IAEXXZ 0045b290 f i appframework:AppSystemGroup.obj
 0002:0000e2d0       ??0Node_t@?$CUtlMap@PBDHG@@QAE@ABU01@@Z 0045b2d0 f i appframework:AppSystemGroup.obj
 0002:0000e330       ?NumAllocated@?$CUtlMemory@UModule_t@CAppSystemGroup@@H@@QBEHXZ 0045b330 f i appframework:AppSystemGroup.obj
 0002:0000e370       ?Grow@?$CUtlMemory@UModule_t@CAppSystemGroup@@H@@QAEXH@Z 0045b370 f i appframework:AppSystemGroup.obj
 0002:0000ea90       ?UtlMemory_CalcNewAllocationCount@@YAHHHHH@Z 0045ba90 f i appframework:AppSystemGroup.obj
 0002:0000eb20       ?NumAllocated@?$CUtlMemory@PAVIAppSystem@@H@@QBEHXZ 0045bb20 f i appframework:AppSystemGroup.obj
 0002:0000eb60       ?Grow@?$CUtlMemory@PAVIAppSystem@@H@@QAEXH@Z 0045bb60 f i appframework:AppSystemGroup.obj
 0002:0000f280       ?NewNode@?$CUtlRBTree@UNode_t@?$CUtlMap@PBDHG@@GVCKeyLess@2@V?$CUtlMemory@U?$UtlRBTreeNode_t@UNode_t@?$CUtlMap@PBDHG@@G@@G@@@@QAEGXZ 0045c280 f i appframework:AppSystemGroup.obj
 0002:0000f8c0       ?LinkToParent@?$CUtlRBTree@UNode_t@?$CUtlMap@PBDHG@@GVCKeyLess@2@V?$CUtlMemory@U?$UtlRBTreeNode_t@UNode_t@?$CUtlMap@PBDHG@@G@@G@@@@IAEXGG_N@Z 0045c8c0 f i appframework:AppSystemGroup.obj
 0002:0000f9e0       ?IsValidIterator@?$CUtlMemory@U?$UtlRBTreeNode_t@UNode_t@?$CUtlMap@PBDHG@@G@@G@@QBE_NABVIterator_t@1@@Z 0045c9e0 f i appframework:AppSystemGroup.obj
 0002:0000fa40       ?InsertRebalance@?$CUtlRBTree@UNode_t@?$CUtlMap@PBDHG@@GVCKeyLess@2@V?$CUtlMemory@U?$UtlRBTreeNode_t@UNode_t@?$CUtlMap@PBDHG@@G@@G@@@@IAEXG@Z 0045ca40 f i appframework:AppSystemGroup.obj
 0002:0000fd50       ?Grow@?$CUtlMemory@U?$UtlRBTreeNode_t@UNode_t@?$CUtlMap@PBDHG@@G@@G@@QAEXH@Z 0045cd50 f i appframework:AppSystemGroup.obj
 0002:00010480       ??$Construct@UNode_t@?$CUtlMap@PBDHG@@@@YAXPAUNode_t@?$CUtlMap@PBDHG@@@Z 0045d480 f i appframework:AppSystemGroup.obj
 0002:00010510       ?IsLeftChild@?$CUtlRBTree@UNode_t@?$CUtlMap@PBDHG@@GVCKeyLess@2@V?$CUtlMemory@U?$UtlRBTreeNode_t@UNode_t@?$CUtlMap@PBDHG@@G@@G@@@@QBE_NG@Z 0045d510 f i appframework:AppSystemGroup.obj
 0002:00010590       ?IsRoot@?$CUtlRBTree@UNode_t@?$CUtlMap@PBDHG@@GVCKeyLess@2@V?$CUtlMemory@U?$UtlRBTreeNode_t@UNode_t@?$CUtlMap@PBDHG@@G@@G@@@@QBE_NG@Z 0045d590 f i appframework:AppSystemGroup.obj
 0002:000105e0       ?IsRed@?$CUtlRBTree@UNode_t@?$CUtlMap@PBDHG@@GVCKeyLess@2@V?$CUtlMemory@U?$UtlRBTreeNode_t@UNode_t@?$CUtlMap@PBDHG@@G@@G@@@@IBE_NG@Z 0045d5e0 f i appframework:AppSystemGroup.obj
 0002:00010650       ?Color@?$CUtlRBTree@UNode_t@?$CUtlMap@PBDHG@@GVCKeyLess@2@V?$CUtlMemory@U?$UtlRBTreeNode_t@UNode_t@?$CUtlMap@PBDHG@@G@@G@@@@IBE?AW4NodeColor_t@1@G@Z 0045d650 f i appframework:AppSystemGroup.obj
 0002:000106b0       ?SetColor@?$CUtlRBTree@UNode_t@?$CUtlMap@PBDHG@@GVCKeyLess@2@V?$CUtlMemory@U?$UtlRBTreeNode_t@UNode_t@?$CUtlMap@PBDHG@@G@@G@@@@IAEXGW4NodeColor_t@1@@Z 0045d6b0 f i appframework:AppSystemGroup.obj
 0002:00010720       ?RotateLeft@?$CUtlRBTree@UNode_t@?$CUtlMap@PBDHG@@GVCKeyLess@2@V?$CUtlMemory@U?$UtlRBTreeNode_t@UNode_t@?$CUtlMap@PBDHG@@G@@G@@@@IAEXG@Z 0045d720 f i appframework:AppSystemGroup.obj
 0002:00010900       ?RotateRight@?$CUtlRBTree@UNode_t@?$CUtlMap@PBDHG@@GVCKeyLess@2@V?$CUtlMemory@U?$UtlRBTreeNode_t@UNode_t@?$CUtlMap@PBDHG@@G@@G@@@@IAEXG@Z 0045d900 f i appframework:AppSystemGroup.obj
 0002:00010ae0       ?SetParent@?$CUtlRBTree@UNode_t@?$CUtlMap@PBDHG@@GVCKeyLess@2@V?$CUtlMemory@U?$UtlRBTreeNode_t@UNode_t@?$CUtlMap@PBDHG@@G@@G@@@@IAEXGG@Z 0045dae0 f i appframework:AppSystemGroup.obj
 0002:00010b50       ?FileSystem_UseVProjectBinDir@@YAX_N@Z 0045db50 f   appframework:filesystem_init.obj
 0002:00010b90       ?Q_getwd@@YAXPADH@Z        0045db90 f   appframework:filesystem_init.obj
 0002:00010c10       ??0CFSSearchPathsInit@@QAE@XZ 0045dc10 f   appframework:filesystem_init.obj
 0002:00010c70       ??0CFSSteamSetupInfo@@QAE@XZ 0045dc70 f   appframework:filesystem_init.obj
 0002:00010ce0       ??0CFSLoadModuleInfo@@QAE@XZ 0045dce0 f   appframework:filesystem_init.obj
 0002:00010d70       ??0CFSMountContentInfo@@QAE@XZ 0045dd70 f   appframework:filesystem_init.obj
 0002:00010dd0       ?FileSystem_GetLastErrorString@@YAPBDXZ 0045ddd0 f   appframework:filesystem_init.obj
 0002:00010e10       ?AddLanguageGameDir@@YAXPAVIFileSystem@@PBD1@Z 0045de10 f   appframework:filesystem_init.obj
 0002:00011050       ?AddGameBinDir@@YAXPAVIFileSystem@@PBD@Z 0045e050 f   appframework:filesystem_init.obj
 0002:00011120       ?ReadKeyValuesFile@@YAPAVKeyValues@@PBD@Z 0045e120 f   appframework:filesystem_init.obj
 0002:00011350       ?FileSystem_GetExecutableDir@@YA_NPADH@Z 0045e350 f   appframework:filesystem_init.obj
 0002:00011650       ?LaunchVConfig@@YAXXZ      0045e650 f   appframework:filesystem_init.obj
 0002:00011780       ?GetVProjectCmdLineValue@@YAPBDXZ 0045e780 f   appframework:filesystem_init.obj
 0002:00011850       ?SetupFileSystemError@@YA?AW4FSReturnCode_t@@_NW41@PBDZZ 0045e850 f   appframework:filesystem_init.obj
 0002:00011990       ?LoadGameInfoFile@@YA?AW4FSReturnCode_t@@PBDAAPAVKeyValues@@11@Z 0045e990 f   appframework:filesystem_init.obj
 0002:00011c00       ?IsLowViolenceBuild@@YA_NXZ 0045ec00 f   appframework:filesystem_init.obj
 0002:00011df0       ?FileSystem_IsHldsUpdateToolDedicatedServer@@YA_NXZ 0045edf0 f   appframework:filesystem_init.obj
 0002:00011fc0       ?FileSystem_LoadSearchPaths@@YA?AW4FSReturnCode_t@@AAVCFSSearchPathsInit@@@Z 0045efc0 f   appframework:filesystem_init.obj
 0002:00012820       ?DoesFileExistIn@@YA_NPBD0@Z 0045f820 f   appframework:filesystem_init.obj
 0002:00012940       ?GetSuggestGameInfoDirFn@?A0x8f6cb1fc@@YAAAP6A_NPBVCFSSteamSetupInfo@@PADHPA_N@ZXZ 0045f940 f   appframework:filesystem_init.obj
 0002:00012980       ?SetSuggestGameInfoDirFn@@YAP6A_NPBVCFSSteamSetupInfo@@PADHPA_N@ZP6A_N01H2@Z@Z 0045f980 f   appframework:filesystem_init.obj
 0002:000129e0       ?LocateGameInfoFile@@YA?AW4FSReturnCode_t@@ABVCFSSteamSetupInfo@@PADH@Z 0045f9e0 f   appframework:filesystem_init.obj
 0002:000133b0       ?DoesPathExistAlready@@YA_NPBD0@Z 004603b0 f   appframework:filesystem_init.obj
 0002:00013640       ?SetSteamInstallPath@@YA?AW4FSReturnCode_t@@PADHAAVCSteamEnvVars@@_N@Z 00460640 f   appframework:filesystem_init.obj
 0002:000138c0       ?GetValue@CTempEnvVar@@QAEHPADH@Z 004608c0 f i appframework:filesystem_init.obj
 0002:00013940       ?SetValue@CTempEnvVar@@QAAXPBDZZ 00460940 f i appframework:filesystem_init.obj
 0002:00013a60       ?GetSteamCfgPath@@YA?AW4FSReturnCode_t@@PADH@Z 00460a60 f   appframework:filesystem_init.obj
 0002:00013bd0       ?SetSteamAppUser@@YAXPAVKeyValues@@PBDAAVCSteamEnvVars@@@Z 00460bd0 f   appframework:filesystem_init.obj
 0002:00013e30       ?SetSteamUserPassphrase@@YAXPAVKeyValues@@AAVCSteamEnvVars@@@Z 00460e30 f   appframework:filesystem_init.obj
 0002:00013f30       ?SetSteamAppId@@YAXPAVKeyValues@@PBDAAVCSteamEnvVars@@@Z 00460f30 f   appframework:filesystem_init.obj
 0002:00013fd0       ?SetupSteamStartupEnvironment@@YA?AW4FSReturnCode_t@@PAVKeyValues@@PBDAAVCSteamEnvVars@@@Z 00460fd0 f   appframework:filesystem_init.obj
 0002:00014190       ?GetSteamExtraAppId@@YA?AW4FSReturnCode_t@@PBDPAH@Z 00461190 f   appframework:filesystem_init.obj
 0002:000142b0       ?FileSystem_SetBasePaths@@YA?AW4FSReturnCode_t@@PAVIFileSystem@@@Z 004612b0 f   appframework:filesystem_init.obj
 0002:000143c0       ?FileSystem_GetFileSystemDLLName@@YA?AW4FSReturnCode_t@@PADHAA_N@Z 004613c0 f   appframework:filesystem_init.obj
 0002:00014580       ?FileSystem_SetupSteamInstallPath@@YA?AW4FSReturnCode_t@@XZ 00461580 f   appframework:filesystem_init.obj
 0002:00014690       ?SetRestoreOriginalValue@CTempEnvVar@@QAEX_N@Z 00461690 f i appframework:filesystem_init.obj
 0002:000146e0       ??0CSteamEnvVars@@QAE@XZ   004616e0 f i appframework:filesystem_init.obj
 0002:00014780       ??0CTempEnvVar@@QAE@PBD@Z  00461780 f i appframework:filesystem_init.obj
 0002:000148e0       ??1CSteamEnvVars@@QAE@XZ   004618e0 f i appframework:filesystem_init.obj
 0002:00014960       ??1CTempEnvVar@@QAE@XZ     00461960 f i appframework:filesystem_init.obj
 0002:00014a00       ?ClearValue@CTempEnvVar@@QAEXXZ 00461a00 f i appframework:filesystem_init.obj
 0002:00014ac0       ?FileSystem_SetupSteamEnvironment@@YA?AW4FSReturnCode_t@@AAVCFSSteamSetupInfo@@@Z 00461ac0 f   appframework:filesystem_init.obj
 0002:00014dc0       ?FileSystem_LoadFileSystemModule@@YA?AW4FSReturnCode_t@@AAVCFSLoadModuleInfo@@@Z 00461dc0 f   appframework:filesystem_init.obj
 0002:00014f50       ?FileSystem_MountContent@@YA?AW4FSReturnCode_t@@AAVCFSMountContentInfo@@@Z 00461f50 f   appframework:filesystem_init.obj
 0002:00015160       ?FileSystem_SetErrorMode@@YAXW4FSErrorMode_t@@@Z 00462160 f   appframework:filesystem_init.obj
 0002:000151a0       ?FileSystem_ClearSteamEnvVars@@YAXXZ 004621a0 f   appframework:filesystem_init.obj
 0002:00015290       ?SetRestoreOriginalValue_ALL@CSteamEnvVars@@QAEX_N@Z 00462290 f i appframework:filesystem_init.obj
 0002:00015330       ?FileSystem_AddSearchPath_Platform@@YAXPAVIFileSystem@@PBD@Z 00462330 f   appframework:filesystem_init.obj
 0002:00015480       ?Base@?$CUtlVector@DV?$CUtlMemory@DH@@@@QAEPADXZ 00462480 f i appframework:filesystem_init.obj
 0002:000154d0       ??0?$CArrayAutoPtr@D@@QAE@PAD@Z 004624d0 f i appframework:filesystem_init.obj
 0002:00015540       ??1?$CArrayAutoPtr@D@@QAE@XZ 00462540 f i appframework:filesystem_init.obj
 0002:000155a0       ??A?$CArrayAutoPtr@D@@QBEAADH@Z 004625a0 f i appframework:filesystem_init.obj
 0002:00015600       ?Get@?$CPlainAutoPtr@D@@QBEPADXZ 00462600 f i appframework:filesystem_init.obj
 0002:00015640       ?Delete@?$CArrayAutoPtr@D@@QAEXXZ 00462640 f i appframework:filesystem_init.obj
 0002:000156b0       ??0?$CPlainAutoPtr@D@@QAE@PAD@Z 004626b0 f i appframework:filesystem_init.obj
 0002:00015700       ??1?$CPlainAutoPtr@D@@QAE@XZ 00462700 f i appframework:filesystem_init.obj
 0002:00015750       ?Attach@?$CPlainAutoPtr@D@@QAEXPAD@Z 00462750 f i appframework:filesystem_init.obj
 0002:000157a0       ?Delete@?$CPlainAutoPtr@D@@QAEXXZ 004627a0 f i appframework:filesystem_init.obj
 0002:00015810       ?Detach@?$CPlainAutoPtr@D@@QAEPADXZ 00462810 f i appframework:filesystem_init.obj
 0002:00015860       ?Base@?$CUtlMemory@DH@@QAEPADXZ 00462860 f i appframework:filesystem_init.obj
 0002:000159a0       ??0?$CUtlVector@DV?$CUtlMemory@DH@@@@QAE@HH@Z 004629a0 f i appframework:filesystem_init.obj
 0002:00015a20       ??1?$CUtlVector@DV?$CUtlMemory@DH@@@@QAE@XZ 00462a20 f i appframework:filesystem_init.obj
 0002:00015a80       ??A?$CUtlVector@DV?$CUtlMemory@DH@@@@QAEAADH@Z 00462a80 f i appframework:filesystem_init.obj
 0002:00015ae0       ?Count@?$CUtlVector@DV?$CUtlMemory@DH@@@@QBEHXZ 00462ae0 f i appframework:filesystem_init.obj
 0002:00015b20       ?SetSize@?$CUtlVector@DV?$CUtlMemory@DH@@@@QAEXH@Z 00462b20 f i appframework:filesystem_init.obj
 0002:00015b80       ?ResetDbgInfo@?$CUtlVector@DV?$CUtlMemory@DH@@@@IAEXXZ 00462b80 f i appframework:filesystem_init.obj
 0002:00015be0       ??0?$CUtlMemory@DH@@QAE@HH@Z 00462be0 f i appframework:filesystem_init.obj
 0002:00015e10       ??1?$CUtlMemory@DH@@QAE@XZ 00462e10 f i appframework:filesystem_init.obj
 0002:00015e60       ??A?$CUtlMemory@DH@@QAEAADH@Z 00462e60 f i appframework:filesystem_init.obj
 0002:00016090       ?IsReadOnly@?$CUtlMemory@DH@@QBE_NXZ 00463090 f i appframework:filesystem_init.obj
 0002:000160e0       ?SetCount@?$CUtlVector@DV?$CUtlMemory@DH@@@@QAEXH@Z 004630e0 f i appframework:filesystem_init.obj
 0002:00016150       ?Purge@?$CUtlVector@DV?$CUtlMemory@DH@@@@QAEXXZ 00463150 f i appframework:filesystem_init.obj
 0002:000161c0       ?ValidateGrowSize@?$CUtlMemory@DH@@IAEXXZ 004631c0 f i appframework:filesystem_init.obj
 0002:00016200       ?IsIdxValid@?$CUtlMemory@DH@@QBE_NH@Z 00463200 f i appframework:filesystem_init.obj
 0002:00016270       ?Purge@?$CUtlMemory@DH@@QAEXXZ 00463270 f i appframework:filesystem_init.obj
 0002:00016320       ?AddMultipleToTail@?$CUtlVector@DV?$CUtlMemory@DH@@@@QAEHHPBD@Z 00463320 f i appframework:filesystem_init.obj
 0002:000164c0       ?RemoveAll@?$CUtlVector@DV?$CUtlMemory@DH@@@@QAEXXZ 004634c0 f i appframework:filesystem_init.obj
 0002:00016550       ?IsExternallyAllocated@?$CUtlMemory@DH@@QBE_NXZ 00463550 f i appframework:filesystem_init.obj
 0002:000165a0       ?Element@?$CUtlVector@DV?$CUtlMemory@DH@@@@QAEAADH@Z 004635a0 f i appframework:filesystem_init.obj
 0002:00016600       ?InsertMultipleBefore@?$CUtlVector@DV?$CUtlMemory@DH@@@@QAEHHHPBD@Z 00463600 f i appframework:filesystem_init.obj
 0002:00016810       ??$Destruct@D@@YAXPAD@Z    00463810 f i appframework:filesystem_init.obj
 0002:00016870       ?IsValidIndex@?$CUtlVector@DV?$CUtlMemory@DH@@@@QBE_NH@Z 00463870 f i appframework:filesystem_init.obj
 0002:000168e0       ?GrowVector@?$CUtlVector@DV?$CUtlMemory@DH@@@@IAEXH@Z 004638e0 f i appframework:filesystem_init.obj
 0002:00016a00       ?ShiftElementsRight@?$CUtlVector@DV?$CUtlMemory@DH@@@@IAEXHH@Z 00463a00 f i appframework:filesystem_init.obj
 0002:00016bc0       ??$Construct@D@@YAXPAD@Z   00463bc0 f i appframework:filesystem_init.obj
 0002:00016c20       ?NumAllocated@?$CUtlMemory@DH@@QBEHXZ 00463c20 f i appframework:filesystem_init.obj
 0002:00016c60       ?Grow@?$CUtlMemory@DH@@QAEXH@Z 00463c60 f i appframework:filesystem_init.obj
 0002:0001737a       _CommandLine_Tier0         0046437a f   tier0:tier0.dll
 0002:00017380       _Error                     00464380 f   tier0:tier0.dll
 0002:00017386       _SpewOutputFunc            00464386 f   tier0:tier0.dll
 0002:0001738c       __ExitOnFatalAssert        0046438c f   tier0:tier0.dll
 0002:00017392       _DoNewAssertDialog         00464392 f   tier0:tier0.dll
 0002:00017398       _ShouldUseNewAssertDialog  00464398 f   tier0:tier0.dll
 0002:0001739e       __SpewMessage              0046439e f   tier0:tier0.dll
 0002:000173a4       __SpewInfo                 004643a4 f   tier0:tier0.dll
 0002:000173aa       _Plat_DebugString          004643aa f   tier0:tier0.dll
 0002:000173b0       _Warning                   004643b0 f   tier0:tier0.dll
 0002:000173c0       ?_V_memset@@YAXPBDHPAXHH@Z 004643c0 f   tier1:strtools.obj
 0002:00017520       ?_V_memcpy@@YAXPBDHPAXPBXH@Z 00464520 f   tier1:strtools.obj
 0002:00017690       ?_V_memmove@@YAXPBDHPAXPBXH@Z 00464690 f   tier1:strtools.obj
 0002:00017800       ?_V_memcmp@@YAHPBDHPBX1H@Z 00464800 f   tier1:strtools.obj
 0002:00017970       ?_V_strlen@@YAHPBDH0@Z     00464970 f   tier1:strtools.obj
 0002:000179e0       ?_V_strcpy@@YAXPBDHPAD0@Z  004649e0 f   tier1:strtools.obj
 0002:00017a70       ?_V_wcslen@@YAHPBDHPB_W@Z  00464a70 f   tier1:strtools.obj
 0002:00017ac0       ?_V_strrchr@@YAPADPBDH0D@Z 00464ac0 f   tier1:strtools.obj
 0002:00017ba0       ?_V_strcmp@@YAHPBDH00@Z    00464ba0 f   tier1:strtools.obj
 0002:00017c40       ?_V_wcscmp@@YAHPBDHPB_W1@Z 00464c40 f   tier1:strtools.obj
 0002:00017cd0       ?_V_stricmp@@YAHPBDH00@Z   00464cd0 f   tier1:strtools.obj
 0002:00017d70       ?_V_strstr@@YAPADPBDH00@Z  00464d70 f   tier1:strtools.obj
 0002:00017e10       ?_V_strupr@@YAPADPBDHPAD@Z 00464e10 f   tier1:strtools.obj
 0002:00017e80       ?_V_strlower@@YAPADPBDHPAD@Z 00464e80 f   tier1:strtools.obj
 0002:00017ef0       ?V_strncmp@@YAHPBD0H@Z     00464ef0 f   tier1:strtools.obj
 0002:00018100       ?V_strnlwr@@YAPADPADI@Z    00465100 f   tier1:strtools.obj
 0002:000182c0       ?V_strncasecmp@@YAHPBD0H@Z 004652c0 f   tier1:strtools.obj
 0002:00018520       ?V_strcasecmp@@YAHPBD0@Z   00465520 f   tier1:strtools.obj
 0002:000185c0       ?V_strnicmp@@YAHPBD0H@Z    004655c0 f   tier1:strtools.obj
 0002:00018750       ?StringAfterPrefix@@YAPBDPBD0@Z 00465750 f   tier1:strtools.obj
 0002:00018850       ?StringAfterPrefixCaseSensitive@@YAPBDPBD0@Z 00465850 f   tier1:strtools.obj
 0002:00018940       ?V_atoi@@YAHPBD@Z          00465940 f   tier1:strtools.obj
 0002:00018c20       ?V_atof@@YAMPBD@Z          00465c20 f   tier1:strtools.obj
 0002:00018ee0       ?V_normalizeFloatString@@YAXPAD@Z 00465ee0 f   tier1:strtools.obj
 0002:00018fd0       ?strchr@@YAPADPADH@Z       00465fd0 f i tier1:strtools.obj
 0002:00019030       ?V_stristr@@YAPBDPBD0@Z    00466030 f   tier1:strtools.obj
 0002:000191c0       ?V_stristr@@YAPADPADPBD@Z  004661c0 f   tier1:strtools.obj
 0002:00019260       ?V_strnistr@@YAPBDPBD0H@Z  00466260 f   tier1:strtools.obj
 0002:00019430       ?V_strnchr@@YAPBDPBDDH@Z   00466430 f   tier1:strtools.obj
 0002:000194b0       ?V_strncpy@@YAXPADPBDH@Z   004664b0 f   tier1:strtools.obj
 0002:00019650       ?V_wcsncpy@@YAXPA_WPB_WH@Z 00466650 f   tier1:strtools.obj
 0002:000197e0       ?V_snprintf@@YAHPADHPBDZZ  004667e0 f   tier1:strtools.obj
 0002:000199a0       ?V_vsnprintf@@YAHPADHPBD0@Z 004669a0 f   tier1:strtools.obj
 0002:00019b50       ?V_strncat@@YAPADPADPBDIH@Z 00466b50 f   tier1:strtools.obj
 0002:00019d90       ?V_pretifymem@@YAPADMH_N@Z 00466d90 f   tier1:strtools.obj
 0002:0001a130       ?strstr@@YAPADPADPBD@Z     00467130 f i tier1:strtools.obj
 0002:0001a190       ?FloatMakePositive@@YAMM@Z 00467190 f i tier1:strtools.obj
 0002:0001a1e0       ?V_pretifynum@@YAPAD_J@Z   004671e0 f   tier1:strtools.obj
 0002:0001a6a0       ?V_UTF8ToUnicode@@YAHPBDPA_WH@Z 004676a0 f   tier1:strtools.obj
 0002:0001a770       ?V_UnicodeToUTF8@@YAHPB_WPADH@Z 00467770 f   tier1:strtools.obj
 0002:0001a830       ?V_hextobinary@@YAXPBDHPAEH@Z 00467830 f   tier1:strtools.obj
 0002:0001ab00       ?V_binarytohex@@YAXPBEHPADH@Z 00467b00 f   tier1:strtools.obj
 0002:0001ace0       ?V_FileBase@@YAXPBDPADH@Z  00467ce0 f   tier1:strtools.obj
 0002:0001b1a0       ?V_StripTrailingSlash@@YAXPAD@Z 004681a0 f   tier1:strtools.obj
 0002:0001b330       ?V_StripExtension@@YAXPBDPADH@Z 00468330 f   tier1:strtools.obj
 0002:0001b4a0       ?V_DefaultExtension@@YAXPADPBDH@Z 004684a0 f   tier1:strtools.obj
 0002:0001b940       ?V_SetExtension@@YAXPADPBDH@Z 00468940 f   tier1:strtools.obj
 0002:0001b9b0       ?V_StripFilename@@YAXPAD@Z 004689b0 f   tier1:strtools.obj
 0002:0001ba70       ?V_FixSlashes@@YAXPADD@Z   00468a70 f   tier1:strtools.obj
 0002:0001bae0       ?V_FixDoubleSlashes@@YAXPAD@Z 00468ae0 f   tier1:strtools.obj
 0002:0001bc00       ?V_StripLastDir@@YA_NPADH@Z 00468c00 f   tier1:strtools.obj
 0002:0001be80       ?V_UnqualifiedFileName@@YAPBDPBD@Z 00468e80 f   tier1:strtools.obj
 0002:0001bf20       ?V_ComposeFileName@@YAXPBD0PADH@Z 00468f20 f   tier1:strtools.obj
 0002:0001bfc0       ?V_ExtractFilePath@@YA_NPBDPADH@Z 00468fc0 f   tier1:strtools.obj
 0002:0001c200       ?V_ExtractFileExtension@@YAXPBDPADH@Z 00469200 f   tier1:strtools.obj
 0002:0001c280       ?V_GetFileExtension@@YAPBDPBD@Z 00469280 f   tier1:strtools.obj
 0002:0001c330       ?V_RemoveDotSlashes@@YA_NPADD@Z 00469330 f   tier1:strtools.obj
 0002:0001c670       ?V_AppendSlash@@YAXPADH@Z  00469670 f   tier1:strtools.obj
 0002:0001c750       ?V_MakeAbsolutePath@@YAXPADHPBD1@Z 00469750 f   tier1:strtools.obj
 0002:0001c8f0       ?V_MakeRelativePath@@YA_NPBD0PADH@Z 004698f0 f   tier1:strtools.obj
 0002:0001cbc0       ?V_IsAbsolutePath@@YA_NPBD@Z 00469bc0 f   tier1:strtools.obj
 0002:0001cc90       ?V_StrSubst@@YA_NPBD00PADH_N@Z 00469c90 f   tier1:strtools.obj
 0002:0001cf60       ?AllocString@@YAPADPBDH@Z  00469f60 f   tier1:strtools.obj
 0002:0001d060       ?V_SplitString2@@YAXPBDPAPBDHAAV?$CUtlVector@PADV?$CUtlMemory@PADH@@@@@Z 0046a060 f   tier1:strtools.obj
 0002:0001d1f0       ?V_SplitString@@YAXPBD0AAV?$CUtlVector@PADV?$CUtlMemory@PADH@@@@@Z 0046a1f0 f   tier1:strtools.obj
 0002:0001d250       ?V_StrSlice@@YAXPBDHHPADH@Z 0046a250 f   tier1:strtools.obj
 0002:0001d3a0       ?V_StrLeft@@YAXPBDHPADH@Z  0046a3a0 f   tier1:strtools.obj
 0002:0001d420       ?V_StrRight@@YAXPBDHPADH@Z 0046a420 f   tier1:strtools.obj
 0002:0001d4d0       ?V_strtowcs@@YAXPBDHPA_WH@Z 0046a4d0 f   tier1:strtools.obj
 0002:0001d550       ?V_wcstostr@@YAXPB_WHPADH@Z 0046a550 f   tier1:strtools.obj
 0002:0001d5d0       ?V_AddBackSlashesToSpecialChars@@YAPADPBD@Z 0046a5d0 f   tier1:strtools.obj
 0002:0001d7a0       ??$AssertValidWritePtr@X@@YAXPAXH@Z 0046a7a0 f i tier1:strtools.obj
 0002:0001d800       ??$AssertValidReadPtr@$$CBX@@YAXPBXH@Z 0046a800 f i tier1:strtools.obj
 0002:0001d860       ??$AssertValidWritePtr@D@@YAXPADH@Z 0046a860 f i tier1:strtools.obj
 0002:0001d8c0       ??$AssertValidWritePtr@_W@@YAXPA_WH@Z 0046a8c0 f i tier1:strtools.obj
 0002:0001d920       ??$AssertValidReadPtr@$$CB_W@@YAXPB_WH@Z 0046a920 f i tier1:strtools.obj
 0002:0001d980       ?AddToTail@?$CUtlVector@PADV?$CUtlMemory@PADH@@@@QAEHABQAD@Z 0046a980 f i tier1:strtools.obj
 0002:0001db10       ?Purge@?$CUtlVector@PADV?$CUtlMemory@PADH@@@@QAEXXZ 0046ab10 f i tier1:strtools.obj
 0002:0001db80       ?Base@?$CUtlVector@PADV?$CUtlMemory@PADH@@@@QAEPAPADXZ 0046ab80 f i tier1:strtools.obj
 0002:0001dbd0       ?ResetDbgInfo@?$CUtlVector@PADV?$CUtlMemory@PADH@@@@IAEXXZ 0046abd0 f i tier1:strtools.obj
 0002:0001dc30       ?Count@?$CUtlVector@PADV?$CUtlMemory@PADH@@@@QBEHXZ 0046ac30 f i tier1:strtools.obj
 0002:0001dc70       ?InsertBefore@?$CUtlVector@PADV?$CUtlMemory@PADH@@@@QAEHHABQAD@Z 0046ac70 f i tier1:strtools.obj
 0002:0001df30       ?RemoveAll@?$CUtlVector@PADV?$CUtlMemory@PADH@@@@QAEXXZ 0046af30 f i tier1:strtools.obj
 0002:0001dfc0       ?Base@?$CUtlMemory@PADH@@QAEPAPADXZ 0046afc0 f i tier1:strtools.obj
 0002:0001e100       ?Purge@?$CUtlMemory@PADH@@QAEXXZ 0046b100 f i tier1:strtools.obj
 0002:0001e1b0       ?Element@?$CUtlVector@PADV?$CUtlMemory@PADH@@@@QAEAAPADH@Z 0046b1b0 f i tier1:strtools.obj
 0002:0001e210       ?IsValidIndex@?$CUtlVector@PADV?$CUtlMemory@PADH@@@@QBE_NH@Z 0046b210 f i tier1:strtools.obj
 0002:0001e280       ?GrowVector@?$CUtlVector@PADV?$CUtlMemory@PADH@@@@IAEXH@Z 0046b280 f i tier1:strtools.obj
 0002:0001e3a0       ?ShiftElementsRight@?$CUtlVector@PADV?$CUtlMemory@PADH@@@@IAEXHH@Z 0046b3a0 f i tier1:strtools.obj
 0002:0001e560       ??$CopyConstruct@PAD@@YAXPAPADABQAD@Z 0046b560 f i tier1:strtools.obj
 0002:0001e600       ??$Destruct@PAD@@YAXPAPAD@Z 0046b600 f i tier1:strtools.obj
 0002:0001e660       ?IsExternallyAllocated@?$CUtlMemory@PADH@@QBE_NXZ 0046b660 f i tier1:strtools.obj
 0002:0001e6b0       ?IsReadOnly@?$CUtlMemory@PADH@@QBE_NXZ 0046b6b0 f i tier1:strtools.obj
 0002:0001e700       ??A?$CUtlMemory@PADH@@QAEAAPADH@Z 0046b700 f i tier1:strtools.obj
 0002:0001e940       ?NumAllocated@?$CUtlMemory@PADH@@QBEHXZ 0046b940 f i tier1:strtools.obj
 0002:0001e980       ?Grow@?$CUtlMemory@PADH@@QAEXH@Z 0046b980 f i tier1:strtools.obj
 0002:0001f0a0       ?IsIdxValid@?$CUtlMemory@PADH@@QBE_NH@Z 0046c0a0 f i tier1:strtools.obj
 0002:0001f110       ??0InterfaceReg@@QAE@P6APAXXZPBD@Z 0046c110 f   tier1:interface.obj
 0002:0001f180       _CreateInterface           0046c180 f   tier1:interface.obj
 0002:0001f240       ?Sys_IsDebuggerPresent@@YA_NXZ 0046c240 f   tier1:interface.obj
 0002:0001f2a0       ?ThreadedLoadLibraryFunc@@YAIPAX@Z 0046c2a0 f   tier1:interface.obj
 0002:0001f370       ?Sys_LoadLibrary@@YAPAUHINSTANCE__@@PBD@Z 0046c370 f   tier1:interface.obj
 0002:0001f5c0       ?ThreadWaitForObject@@YAHPAX_NI@Z 0046c5c0 f i tier1:interface.obj
 0002:0001f630       ?Sys_LoadModule@@YAPAVCSysModule@@PBD@Z 0046c630 f   tier1:interface.obj
 0002:0001fa90       ?Sys_UnloadModule@@YAXPAVCSysModule@@@Z 0046ca90 f   tier1:interface.obj
 0002:0001fb00       ?Sys_GetFactory@@YAP6APAXPBDPAH@ZPAVCSysModule@@@Z 0046cb00 f   tier1:interface.obj
 0002:0001fb70       ?Sys_GetFactoryThis@@YAP6APAXPBDPAH@ZXZ 0046cb70 f   tier1:interface.obj
 0002:0001fbb0       ?Sys_GetFactory@@YAP6APAXPBDPAH@Z0@Z 0046cbb0 f   tier1:interface.obj
 0002:0001fc90       ?Sys_LoadInterface@@YA_NPBD0PAPAVCSysModule@@PAPAX@Z 0046cc90 f   tier1:interface.obj
 0002:0001fd70       ??0CDllDemandLoader@@QAE@PBD@Z 0046cd70 f   tier1:interface.obj
 0002:0001fde0       ??_ECDllDemandLoader@@UAEPAXI@Z 0046cde0 f i tier1:interface.obj
 0002:0001fde0       ??_GCDllDemandLoader@@UAEPAXI@Z 0046cde0 f i tier1:interface.obj
 0002:0001fe50       ??1CDllDemandLoader@@UAE@XZ 0046ce50 f   tier1:interface.obj
 0002:0001feb0       ?GetFactory@CDllDemandLoader@@QAEP6APAXPBDPAH@ZXZ 0046ceb0 f   tier1:interface.obj
 0002:0001ff60       ?Unload@CDllDemandLoader@@QAEXXZ 0046cf60 f   tier1:interface.obj
 0002:0001ffd0       ??0KeyValues@@QAE@PBD@Z    0046cfd0 f   tier1:KeyValues.obj
 0002:00020040       ??0KeyValues@@QAE@PBD00@Z  0046d040 f   tier1:KeyValues.obj
 0002:000200c0       ??0KeyValues@@QAE@PBD0PB_W@Z 0046d0c0 f   tier1:KeyValues.obj
 0002:00020140       ??0KeyValues@@QAE@PBD0H@Z  0046d140 f   tier1:KeyValues.obj
 0002:000201c0       ??0KeyValues@@QAE@PBD0000@Z 0046d1c0 f   tier1:KeyValues.obj
 0002:00020250       ??0KeyValues@@QAE@PBD0H0H@Z 0046d250 f   tier1:KeyValues.obj
 0002:000202e0       ?Init@KeyValues@@AAEXXZ    0046d2e0 f   tier1:KeyValues.obj
 0002:000203b0       ??1KeyValues@@AAE@XZ       0046d3b0 f   tier1:KeyValues.obj
 0002:00020400       ?RemoveEverything@KeyValues@@AAEXXZ 0046d400 f   tier1:KeyValues.obj
 0002:000205c0       ??_GKeyValues@@AAEPAXI@Z   0046d5c0 f i tier1:KeyValues.obj
 0002:00020630       ?RecursiveSaveToFile@KeyValues@@QAEXAAVCUtlBuffer@@H@Z 0046d630 f   tier1:KeyValues.obj
 0002:00020690       ?ChainKeyValue@KeyValues@@QAEXPAV1@@Z 0046d690 f   tier1:KeyValues.obj
 0002:000206e0       ?GetName@KeyValues@@QBEPBDXZ 0046d6e0 f   tier1:KeyValues.obj
 0002:00020770       ?GetNameSymbol@KeyValues@@QBEHXZ 0046d770 f   tier1:KeyValues.obj
 0002:000207b0       ?ReadToken@KeyValues@@AAEPBDAAVCUtlBuffer@@AA_N1@Z 0046d7b0 f   tier1:KeyValues.obj
 0002:00020a80       ?IsValid@CUtlBuffer@@QBE_NXZ 0046da80 f i tier1:KeyValues.obj
 0002:00020ad0       ?ReportError@CKeyValuesErrorStack@@QAEXPBD@Z 0046dad0 f i tier1:KeyValues.obj
 0002:00020c90       ?UsesEscapeSequences@KeyValues@@QAEX_N@Z 0046dc90 f   tier1:KeyValues.obj
 0002:00020ce0       ?LoadFromFile@KeyValues@@QAE_NPAVIBaseFileSystem@@PBD1@Z 0046dce0 f   tier1:KeyValues.obj
 0002:00021270       ?GetOptimalReadSize@IFileSystem@@QAEIPAXI@Z 0046e270 f i tier1:KeyValues.obj
 0002:00021350       ?SaveToFile@KeyValues@@QAE_NPAVIBaseFileSystem@@PBD1@Z 0046e350 f   tier1:KeyValues.obj
 0002:00021490       ?WriteIndents@KeyValues@@AAEXPAVIBaseFileSystem@@PAXPAVCUtlBuffer@@H@Z 0046e490 f   tier1:KeyValues.obj
 0002:00021520       ?WriteConvertedString@KeyValues@@AAEXPAVIBaseFileSystem@@PAXPAVCUtlBuffer@@PBD@Z 0046e520 f   tier1:KeyValues.obj
 0002:00021710       ?InternalWrite@KeyValues@@AAEXPAVIBaseFileSystem@@PAXPAVCUtlBuffer@@PBXH@Z 0046e710 f   tier1:KeyValues.obj
 0002:000217b0       ?RecursiveSaveToFile@KeyValues@@AAEXPAVIBaseFileSystem@@PAXPAVCUtlBuffer@@H@Z 0046e7b0 f   tier1:KeyValues.obj
 0002:00022170       ?FindKey@KeyValues@@QBEPAV1@H@Z 0046f170 f   tier1:KeyValues.obj
 0002:000221e0       ?FindKey@KeyValues@@QAEPAV1@PBD_N@Z 0046f1e0 f   tier1:KeyValues.obj
 0002:00022530       ?CreateNewKey@KeyValues@@QAEPAV1@XZ 0046f530 f   tier1:KeyValues.obj
 0002:00022630       ?CreateKey@KeyValues@@AAEPAV1@PBD@Z 0046f630 f   tier1:KeyValues.obj
 0002:00022710       ?AddSubKey@KeyValues@@QAEXPAV1@@Z 0046f710 f   tier1:KeyValues.obj
 0002:000228a0       ?RemoveSubKey@KeyValues@@QAEXPAV1@@Z 0046f8a0 f   tier1:KeyValues.obj
 0002:00022950       ?GetFirstSubKey@KeyValues@@QAEPAV1@XZ 0046f950 f   tier1:KeyValues.obj
 0002:00022990       ?GetNextKey@KeyValues@@QAEPAV1@XZ 0046f990 f   tier1:KeyValues.obj
 0002:000229d0       ?SetNextKey@KeyValues@@QAEXPAV1@@Z 0046f9d0 f   tier1:KeyValues.obj
 0002:00022a20       ?GetFirstTrueSubKey@KeyValues@@QAEPAV1@XZ 0046fa20 f   tier1:KeyValues.obj
 0002:00022a90       ?GetNextTrueSubKey@KeyValues@@QAEPAV1@XZ 0046fa90 f   tier1:KeyValues.obj
 0002:00022b00       ?GetFirstValue@KeyValues@@QAEPAV1@XZ 0046fb00 f   tier1:KeyValues.obj
 0002:00022b70       ?GetNextValue@KeyValues@@QAEPAV1@XZ 0046fb70 f   tier1:KeyValues.obj
 0002:00022be0       ?GetInt@KeyValues@@QAEHPBDH@Z 0046fbe0 f   tier1:KeyValues.obj
 0002:00022e00       ?GetUint64@KeyValues@@QAE_KPBD_K@Z 0046fe00 f   tier1:KeyValues.obj
 0002:00022f30       ?GetPtr@KeyValues@@QAEPAXPBDPAX@Z 0046ff30 f   tier1:KeyValues.obj
 0002:00022fd0       ?GetFloat@KeyValues@@QAEMPBDM@Z 0046ffd0 f   tier1:KeyValues.obj
 0002:00023180       ?GetString@KeyValues@@QAEPBDPBD0@Z 00470180 f   tier1:KeyValues.obj
 0002:000233e0       ?GetWString@KeyValues@@QAEPB_WPBDPB_W@Z 004703e0 f   tier1:KeyValues.obj
 0002:00023630       ?swprintf@@YAHPA_WPB_WZZ   00470630 f i tier1:KeyValues.obj
 0002:000236a0       ?GetColor@KeyValues@@QAE?AVColor@@PBD@Z 004706a0 f   tier1:KeyValues.obj
 0002:00023a30       ??0Color@@QAE@HHHH@Z       00470a30 f i tier1:KeyValues.obj
 0002:00023aa0       ?SetColor@Color@@QAEXHHHH@Z 00470aa0 f i tier1:KeyValues.obj
 0002:00023b10       ??AColor@@QAEAAEH@Z        00470b10 f i tier1:KeyValues.obj
 0002:00023b50       ?SetColor@KeyValues@@QAEXPBDVColor@@@Z 00470b50 f   tier1:KeyValues.obj
 0002:00023c20       ?SetStringValue@KeyValues@@QAEXPBD@Z 00470c20 f   tier1:KeyValues.obj
 0002:00023d70       ?SetString@KeyValues@@QAEXPBD0@Z 00470d70 f   tier1:KeyValues.obj
 0002:00023ee0       ?SetWString@KeyValues@@QAEXPBDPB_W@Z 00470ee0 f   tier1:KeyValues.obj
 0002:00024050       ?SetInt@KeyValues@@QAEXPBDH@Z 00471050 f   tier1:KeyValues.obj
 0002:000240d0       ?SetUint64@KeyValues@@QAEXPBD_K@Z 004710d0 f   tier1:KeyValues.obj
 0002:000241e0       ?SetFloat@KeyValues@@QAEXPBDM@Z 004711e0 f   tier1:KeyValues.obj
 0002:00024260       ?SetName@KeyValues@@QAEXPBD@Z 00471260 f   tier1:KeyValues.obj
 0002:00024300       ?SetPtr@KeyValues@@QAEXPBDPAX@Z 00471300 f   tier1:KeyValues.obj
 0002:00024380       ?RecursiveCopyKeyValues@KeyValues@@AAEXAAV1@@Z 00471380 f   tier1:KeyValues.obj
 0002:000249b0       ??4KeyValues@@QAEAAV0@AAV0@@Z 004719b0 f   tier1:KeyValues.obj
 0002:00024a20       ?CopySubkeys@KeyValues@@QBEXPAV1@@Z 00471a20 f   tier1:KeyValues.obj
 0002:00024ae0       ?MakeCopy@KeyValues@@QBEPAV1@XZ 00471ae0 f   tier1:KeyValues.obj
 0002:00024f60       ?IsEmpty@KeyValues@@QAE_NPBD@Z 00471f60 f   tier1:KeyValues.obj
 0002:00024ff0       ?Clear@KeyValues@@QAEXXZ   00471ff0 f   tier1:KeyValues.obj
 0002:000250a0       ?GetDataType@KeyValues@@QAE?AW4types_t@1@PBD@Z 004720a0 f   tier1:KeyValues.obj
 0002:00025120       ?deleteThis@KeyValues@@QAEXXZ 00472120 f   tier1:KeyValues.obj
 0002:000251c0       ?AppendIncludedKeys@KeyValues@@AAEXAAV?$CUtlVector@PAVKeyValues@@V?$CUtlMemory@PAVKeyValues@@H@@@@@Z 004721c0 f   tier1:KeyValues.obj
 0002:00025380       ?ParseIncludedKeys@KeyValues@@AAEXPBD0PAVIBaseFileSystem@@0AAV?$CUtlVector@PAVKeyValues@@V?$CUtlMemory@PAVKeyValues@@H@@@@@Z 00472380 f   tier1:KeyValues.obj
 0002:000258f0       ?MergeBaseKeys@KeyValues@@AAEXAAV?$CUtlVector@PAVKeyValues@@V?$CUtlMemory@PAVKeyValues@@H@@@@@Z 004728f0 f   tier1:KeyValues.obj
 0002:00025a90       ?RecursiveMergeKeyValues@KeyValues@@AAEXPAV1@@Z 00472a90 f   tier1:KeyValues.obj
 0002:00025ca0       ?EvaluateConditional@@YA_NPBD@Z 00472ca0 f   tier1:KeyValues.obj
 0002:00025d70       ?LoadFromBuffer@KeyValues@@QAE_NPBDAAVCUtlBuffer@@PAVIBaseFileSystem@@0@Z 00472d70 f   tier1:KeyValues.obj
 0002:00026430       ?SetFilename@CKeyValuesErrorStack@@QAEXPBD@Z 00473430 f i tier1:KeyValues.obj
 0002:00026490       ?LoadFromBuffer@KeyValues@@QAE_NPBD0PAVIBaseFileSystem@@0@Z 00473490 f   tier1:KeyValues.obj
 0002:00026590       ??1CUtlBuffer@@QAE@XZ      00473590 f i tier1:KeyValues.obj
 0002:000265e0       ?RecursiveLoadFromBuffer@KeyValues@@AAEXPBDAAVCUtlBuffer@@@Z 004735e0 f   tier1:KeyValues.obj
 0002:00026cd0       ?TellGet@CUtlBuffer@@QBEHXZ 00473cd0 f i tier1:KeyValues.obj
 0002:00026d10       ??0CKeyErrorContext@@QAE@PAVKeyValues@@@Z 00473d10 f i tier1:KeyValues.obj
 0002:00026d70       ??1CKeyErrorContext@@QAE@XZ 00473d70 f i tier1:KeyValues.obj
 0002:00026dd0       ?Pop@CKeyValuesErrorStack@@QAEXXZ 00473dd0 f i tier1:KeyValues.obj
 0002:00026f10       ??0CKeyErrorContext@@QAE@H@Z 00473f10 f i tier1:KeyValues.obj
 0002:00026f70       ?Reset@CKeyErrorContext@@QAEXH@Z 00473f70 f i tier1:KeyValues.obj
 0002:00026fd0       ?Reset@CKeyValuesErrorStack@@QAEXHH@Z 00473fd0 f i tier1:KeyValues.obj
 0002:00027110       ?Init@CKeyErrorContext@@AAEXH@Z 00474110 f i tier1:KeyValues.obj
 0002:00027170       ?Push@CKeyValuesErrorStack@@QAEHH@Z 00474170 f i tier1:KeyValues.obj
 0002:00027260       ?WriteAsBinary@KeyValues@@QAE_NAAVCUtlBuffer@@@Z 00474260 f   tier1:KeyValues.obj
 0002:000275b0       ?PutUnsignedChar@CUtlBuffer@@QAEXE@Z 004745b0 f i tier1:KeyValues.obj
 0002:00027610       ?PutInt@CUtlBuffer@@QAEXH@Z 00474610 f i tier1:KeyValues.obj
 0002:00027670       ?PutUnsignedInt@CUtlBuffer@@QAEXI@Z 00474670 f i tier1:KeyValues.obj
 0002:000276d0       ?PutFloat@CUtlBuffer@@QAEXM@Z 004746d0 f i tier1:KeyValues.obj
 0002:00027730       ?PutDouble@CUtlBuffer@@QAEXN@Z 00474730 f i tier1:KeyValues.obj
 0002:000277a0       ?IsText@CUtlBuffer@@QBE_NXZ 004747a0 f i tier1:KeyValues.obj
 0002:000277f0       ?ReadAsBinary@KeyValues@@QAE_NAAVCUtlBuffer@@@Z 004747f0 f   tier1:KeyValues.obj
 0002:00027dd0       ?GetUnsignedChar@CUtlBuffer@@QAEEXZ 00474dd0 f i tier1:KeyValues.obj
 0002:00027e60       ?GetInt@CUtlBuffer@@QAEHXZ 00474e60 f i tier1:KeyValues.obj
 0002:00027ef0       ?GetUnsignedInt@CUtlBuffer@@QAEIXZ 00474ef0 f i tier1:KeyValues.obj
 0002:00027f80       ?GetFloat@CUtlBuffer@@QAEMXZ 00474f80 f i tier1:KeyValues.obj
 0002:00028010       ?GetDouble@CUtlBuffer@@QAENXZ 00475010 f i tier1:KeyValues.obj
 0002:000280a0       ??2KeyValues@@SAPAXI@Z     004750a0 f   tier1:KeyValues.obj
 0002:000281b0       ??2KeyValues@@SAPAXIHPBDH@Z 004751b0 f   tier1:KeyValues.obj
 0002:000282a0       ??3KeyValues@@SAXPAX@Z     004752a0 f   tier1:KeyValues.obj
 0002:00028320       ??3KeyValues@@SAXPAXHPBDH@Z 00475320 f   tier1:KeyValues.obj
 0002:000283a0       ?UnpackIntoStructure@KeyValues@@QAEXPBUKeyValuesUnpackStructure@@PAX@Z 004753a0 f   tier1:KeyValues.obj
 0002:00028880       ?Init@Vector@@QAEXMMM@Z    00475880 f i tier1:KeyValues.obj
 0002:000288e0       ??XVector@@QAEAAV0@M@Z     004758e0 f i tier1:KeyValues.obj
 0002:00028950       ?r@Color@@QBEHXZ           00475950 f i tier1:KeyValues.obj
 0002:00028990       ?g@Color@@QBEHXZ           00475990 f i tier1:KeyValues.obj
 0002:000289d0       ?b@Color@@QBEHXZ           004759d0 f i tier1:KeyValues.obj
 0002:00028a10       ?ProcessResolutionKeys@KeyValues@@QAE_NPBD@Z 00475a10 f   tier1:KeyValues.obj
 0002:00028c00       ??$AlignValue@I@@YAIII@Z   00475c00 f i tier1:KeyValues.obj
 0002:00028c50       ??1?$CUtlMemory@EH@@QAE@XZ 00475c50 f i tier1:KeyValues.obj
 0002:00028ca0       ?Purge@?$CUtlMemory@EH@@QAEXXZ 00475ca0 f i tier1:KeyValues.obj
 0002:00028d50       ?IsExternallyAllocated@?$CUtlMemory@EH@@QBE_NXZ 00475d50 f i tier1:KeyValues.obj
 0002:00028da0       ??$GetType@E@CUtlBuffer@@IAEXAAEPBD@Z 00475da0 f i tier1:KeyValues.obj
 0002:00028e30       ??$GetType@H@CUtlBuffer@@IAEXAAHPBD@Z 00475e30 f i tier1:KeyValues.obj
 0002:00028ec0       ??$GetType@I@CUtlBuffer@@IAEXAAIPBD@Z 00475ec0 f i tier1:KeyValues.obj
 0002:00028f50       ??$GetType@M@CUtlBuffer@@IAEXAAMPBD@Z 00475f50 f i tier1:KeyValues.obj
 0002:00028fe0       ??$GetTypeBin@M@CUtlBuffer@@IAEXAAM@Z 00475fe0 f i tier1:KeyValues.obj
 0002:000290f0       ?IsSwappingBytes@CByteswap@@QAE_NXZ 004760f0 f i tier1:KeyValues.obj
 0002:00029130       ?PeekGet@CUtlBuffer@@QBEPBXH@Z 00476130 f i tier1:KeyValues.obj
 0002:000291a0       ??A?$CUtlMemory@EH@@QBEABEH@Z 004761a0 f i tier1:KeyValues.obj
 0002:000292f0       ??$SwapBufferToTargetEndian@M@CByteswap@@QAEXPAM0H@Z 004762f0 f i tier1:KeyValues.obj
 0002:00029430       ??$GetType@N@CUtlBuffer@@IAEXAANPBD@Z 00476430 f i tier1:KeyValues.obj
 0002:000294c0       ??$PutType@E@CUtlBuffer@@IAEXEPBD@Z 004764c0 f i tier1:KeyValues.obj
 0002:00029550       ??$PutType@H@CUtlBuffer@@IAEXHPBD@Z 00476550 f i tier1:KeyValues.obj
 0002:000295e0       ??$PutType@I@CUtlBuffer@@IAEXIPBD@Z 004765e0 f i tier1:KeyValues.obj
 0002:00029670       ??$PutType@M@CUtlBuffer@@IAEXMPBD@Z 00476670 f i tier1:KeyValues.obj
 0002:00029700       ??$PutType@N@CUtlBuffer@@IAEXNPBD@Z 00476700 f i tier1:KeyValues.obj
 0002:000297a0       ??0?$CUtlVector@PAVKeyValues@@V?$CUtlMemory@PAVKeyValues@@H@@@@QAE@HH@Z 004767a0 f i tier1:KeyValues.obj
 0002:00029820       ??1?$CUtlVector@PAVKeyValues@@V?$CUtlMemory@PAVKeyValues@@H@@@@QAE@XZ 00476820 f i tier1:KeyValues.obj
 0002:00029880       ??A?$CUtlVector@PAVKeyValues@@V?$CUtlMemory@PAVKeyValues@@H@@@@QAEAAPAVKeyValues@@H@Z 00476880 f i tier1:KeyValues.obj
 0002:000298e0       ?Count@?$CUtlVector@PAVKeyValues@@V?$CUtlMemory@PAVKeyValues@@H@@@@QBEHXZ 004768e0 f i tier1:KeyValues.obj
 0002:00029920       ?AddToTail@?$CUtlVector@PAVKeyValues@@V?$CUtlMemory@PAVKeyValues@@H@@@@QAEHABQAVKeyValues@@@Z 00476920 f i tier1:KeyValues.obj
 0002:00029ab0       ?Base@?$CUtlVector@PAVKeyValues@@V?$CUtlMemory@PAVKeyValues@@H@@@@QAEPAPAVKeyValues@@XZ 00476ab0 f i tier1:KeyValues.obj
 0002:00029b00       ?ResetDbgInfo@?$CUtlVector@PAVKeyValues@@V?$CUtlMemory@PAVKeyValues@@H@@@@IAEXXZ 00476b00 f i tier1:KeyValues.obj
 0002:00029b60       ?IsIdxValid@?$CUtlMemory@EH@@QBE_NH@Z 00476b60 f i tier1:KeyValues.obj
 0002:00029bd0       ??$LowLevelByteSwap@M@CByteswap@@CAXPAM0@Z 00476bd0 f i tier1:KeyValues.obj
 0002:00029cc0       ??$GetTypeBin@E@CUtlBuffer@@IAEXAAE@Z 00476cc0 f i tier1:KeyValues.obj
 0002:00029da0       ??$GetTypeBin@H@CUtlBuffer@@IAEXAAH@Z 00476da0 f i tier1:KeyValues.obj
 0002:00029e80       ??$GetTypeBin@I@CUtlBuffer@@IAEXAAI@Z 00476e80 f i tier1:KeyValues.obj
 0002:00029f60       ??$GetTypeBin@N@CUtlBuffer@@IAEXAAN@Z 00476f60 f i tier1:KeyValues.obj
 0002:0002a030       ??$PutTypeBin@E@CUtlBuffer@@IAEXE@Z 00477030 f i tier1:KeyValues.obj
 0002:0002a110       ?PeekPut@CUtlBuffer@@QAEPAXH@Z 00477110 f i tier1:KeyValues.obj
 0002:0002a180       ??A?$CUtlMemory@EH@@QAEAAEH@Z 00477180 f i tier1:KeyValues.obj
 0002:0002a3b0       ?IsReadOnly@?$CUtlMemory@EH@@QBE_NXZ 004773b0 f i tier1:KeyValues.obj
 0002:0002a400       ??$PutTypeBin@H@CUtlBuffer@@IAEXH@Z 00477400 f i tier1:KeyValues.obj
 0002:0002a4d0       ??$PutTypeBin@I@CUtlBuffer@@IAEXI@Z 004774d0 f i tier1:KeyValues.obj
 0002:0002a5a0       ??$PutTypeBin@M@CUtlBuffer@@IAEXM@Z 004775a0 f i tier1:KeyValues.obj
 0002:0002a670       ??$PutTypeBin@N@CUtlBuffer@@IAEXN@Z 00477670 f i tier1:KeyValues.obj
 0002:0002a740       ?InsertBefore@?$CUtlVector@PAVKeyValues@@V?$CUtlMemory@PAVKeyValues@@H@@@@QAEHHABQAVKeyValues@@@Z 00477740 f i tier1:KeyValues.obj
 0002:0002aa00       ?Purge@?$CUtlVector@PAVKeyValues@@V?$CUtlMemory@PAVKeyValues@@H@@@@QAEXXZ 00477a00 f i tier1:KeyValues.obj
 0002:0002aa70       ??0?$CUtlMemory@PAVKeyValues@@H@@QAE@HH@Z 00477a70 f i tier1:KeyValues.obj
 0002:0002aca0       ??1?$CUtlMemory@PAVKeyValues@@H@@QAE@XZ 00477ca0 f i tier1:KeyValues.obj
 0002:0002acf0       ??A?$CUtlMemory@PAVKeyValues@@H@@QAEAAPAVKeyValues@@H@Z 00477cf0 f i tier1:KeyValues.obj
 0002:0002af30       ?Base@?$CUtlMemory@PAVKeyValues@@H@@QAEPAPAVKeyValues@@XZ 00477f30 f i tier1:KeyValues.obj
 0002:0002b070       ?ValidateGrowSize@?$CUtlMemory@PAVKeyValues@@H@@IAEXXZ 00478070 f i tier1:KeyValues.obj
 0002:0002b0b0       ??$SwapBufferToTargetEndian@E@CByteswap@@QAEXPAE0H@Z 004780b0 f i tier1:KeyValues.obj
 0002:0002b1e0       ??$SwapBufferToTargetEndian@H@CByteswap@@QAEXPAH0H@Z 004781e0 f i tier1:KeyValues.obj
 0002:0002b320       ??$SwapBufferToTargetEndian@I@CByteswap@@QAEXPAI0H@Z 00478320 f i tier1:KeyValues.obj
 0002:0002b460       ??$SwapBufferToTargetEndian@N@CByteswap@@QAEXPAN0H@Z 00478460 f i tier1:KeyValues.obj
 0002:0002b5a0       ?Element@?$CUtlVector@PAVKeyValues@@V?$CUtlMemory@PAVKeyValues@@H@@@@QAEAAPAVKeyValues@@H@Z 004785a0 f i tier1:KeyValues.obj
 0002:0002b600       ?IsValidIndex@?$CUtlVector@PAVKeyValues@@V?$CUtlMemory@PAVKeyValues@@H@@@@QBE_NH@Z 00478600 f i tier1:KeyValues.obj
 0002:0002b670       ?RemoveAll@?$CUtlVector@PAVKeyValues@@V?$CUtlMemory@PAVKeyValues@@H@@@@QAEXXZ 00478670 f i tier1:KeyValues.obj
 0002:0002b700       ?GrowVector@?$CUtlVector@PAVKeyValues@@V?$CUtlMemory@PAVKeyValues@@H@@@@IAEXH@Z 00478700 f i tier1:KeyValues.obj
 0002:0002b820       ?ShiftElementsRight@?$CUtlVector@PAVKeyValues@@V?$CUtlMemory@PAVKeyValues@@H@@@@IAEXHH@Z 00478820 f i tier1:KeyValues.obj
 0002:0002b9e0       ??$CopyConstruct@PAVKeyValues@@@@YAXPAPAVKeyValues@@ABQAV0@@Z 004789e0 f i tier1:KeyValues.obj
 0002:0002ba80       ?IsIdxValid@?$CUtlMemory@PAVKeyValues@@H@@QBE_NH@Z 00478a80 f i tier1:KeyValues.obj
 0002:0002baf0       ?Purge@?$CUtlMemory@PAVKeyValues@@H@@QAEXXZ 00478af0 f i tier1:KeyValues.obj
 0002:0002bba0       ?IsReadOnly@?$CUtlMemory@PAVKeyValues@@H@@QBE_NXZ 00478ba0 f i tier1:KeyValues.obj
 0002:0002bbf0       ??$LowLevelByteSwap@E@CByteswap@@CAXPAE0@Z 00478bf0 f i tier1:KeyValues.obj
 0002:0002bce0       ??$LowLevelByteSwap@H@CByteswap@@CAXPAH0@Z 00478ce0 f i tier1:KeyValues.obj
 0002:0002bdd0       ??$LowLevelByteSwap@I@CByteswap@@CAXPAI0@Z 00478dd0 f i tier1:KeyValues.obj
 0002:0002bec0       ??$LowLevelByteSwap@N@CByteswap@@CAXPAN0@Z 00478ec0 f i tier1:KeyValues.obj
 0002:0002bfb0       ?NumAllocated@?$CUtlMemory@PAVKeyValues@@H@@QBEHXZ 00478fb0 f i tier1:KeyValues.obj
 0002:0002bff0       ?Grow@?$CUtlMemory@PAVKeyValues@@H@@QAEXH@Z 00478ff0 f i tier1:KeyValues.obj
 0002:0002c710       ?IsExternallyAllocated@?$CUtlMemory@PAVKeyValues@@H@@QBE_NXZ 00479710 f i tier1:KeyValues.obj
 0002:0002c760       ??$Destruct@PAVKeyValues@@@@YAXPAPAVKeyValues@@@Z 00479760 f i tier1:KeyValues.obj
 0002:0002c7c0       ??0CKeyValuesErrorStack@@QAE@XZ 004797c0 f i tier1:KeyValues.obj
 0002:0002c830       ?GetCStringCharConversion@@YAPAVCUtlCharConversion@@XZ 00479830 f   tier1:utlbuffer.obj
 0002:0002c870       ?GetNoEscCharConversion@@YAPAVCUtlCharConversion@@XZ 00479870 f   tier1:utlbuffer.obj
 0002:0002c8b0       ??0CUtlCStringConversion@@QAE@DPBDHPAUConversionArray_t@CUtlCharConversion@@@Z 004798b0 f   tier1:utlbuffer.obj
 0002:0002c990       ?FindConversion@CUtlCStringConversion@@UAEDPBDPAH@Z 00479990 f   tier1:utlbuffer.obj
 0002:0002ca00       ??0CUtlCharConversion@@QAE@DPBDHPAUConversionArray_t@0@@Z 00479a00 f   tier1:utlbuffer.obj
 0002:0002cc80       ?GetEscapeChar@CUtlCharConversion@@QBEDXZ 00479c80 f   tier1:utlbuffer.obj
 0002:0002ccc0       ?GetDelimiter@CUtlCharConversion@@QBEPBDXZ 00479cc0 f   tier1:utlbuffer.obj
 0002:0002cd00       ?GetDelimiterLength@CUtlCharConversion@@QBEHXZ 00479d00 f   tier1:utlbuffer.obj
 0002:0002cd40       ?GetConversionString@CUtlCharConversion@@QBEPBDD@Z 00479d40 f   tier1:utlbuffer.obj
 0002:0002cd90       ?GetConversionLength@CUtlCharConversion@@QBEHD@Z 00479d90 f   tier1:utlbuffer.obj
 0002:0002cde0       ?MaxConversionLength@CUtlCharConversion@@QBEHXZ 00479de0 f   tier1:utlbuffer.obj
 0002:0002ce20       ?FindConversion@CUtlCharConversion@@UAEDPBDPAH@Z 00479e20 f   tier1:utlbuffer.obj
 0002:0002cf10       ??0CUtlBuffer@@QAE@HHH@Z   00479f10 f   tier1:utlbuffer.obj
 0002:0002d020       ??0CByteswap@@QAE@XZ       0047a020 f i tier1:utlbuffer.obj
 0002:0002d080       ?IsMachineBigEndian@CByteswap@@SA_NXZ 0047a080 f i tier1:utlbuffer.obj
 0002:0002d0d0       ?SetTargetBigEndian@CByteswap@@QAEX_N@Z 0047a0d0 f i tier1:utlbuffer.obj
 0002:0002d170       ?IsReadOnly@CUtlBuffer@@QBE_NXZ 0047a170 f i tier1:utlbuffer.obj
 0002:0002d1c0       ??0CUtlBuffer@@QAE@PBXHH@Z 0047a1c0 f   tier1:utlbuffer.obj
 0002:0002d3b0       ?SetBufferType@CUtlBuffer@@QAEX_N0@Z 0047a3b0 f   tier1:utlbuffer.obj
 0002:0002d7b0       ?TellMaxPut@CUtlBuffer@@QBEHXZ 0047a7b0 f i tier1:utlbuffer.obj
 0002:0002d7f0       ?ContainsCRLF@CUtlBuffer@@QBE_NXZ 0047a7f0 f i tier1:utlbuffer.obj
 0002:0002d880       ?SetExternalBuffer@CUtlBuffer@@QAEXPAXHHH@Z 0047a880 f   tier1:utlbuffer.obj
 0002:0002d940       ?AssumeMemory@CUtlBuffer@@QAEXPAXHHH@Z 0047a940 f   tier1:utlbuffer.obj
 0002:0002da00       ?EnsureCapacity@CUtlBuffer@@QAEXH@Z 0047aa00 f   tier1:utlbuffer.obj
 0002:0002dac0       ?IsGrowable@CUtlBuffer@@QBE_NXZ 0047aac0 f i tier1:utlbuffer.obj
 0002:0002db10       ?Get@CUtlBuffer@@QAEXPAXH@Z 0047ab10 f   tier1:utlbuffer.obj
 0002:0002dbc0       ?GetUpTo@CUtlBuffer@@QAEHPAXH@Z 0047abc0 f   tier1:utlbuffer.obj
 0002:0002dc70       ?EatWhiteSpace@CUtlBuffer@@QAEXXZ 0047ac70 f   tier1:utlbuffer.obj
 0002:0002dd30       ?EatCPPComment@CUtlBuffer@@QAE_NXZ 0047ad30 f   tier1:utlbuffer.obj
 0002:0002de40       ?GetChar@CUtlBuffer@@QAEDXZ 0047ae40 f i tier1:utlbuffer.obj
 0002:0002ded0       ?PeekWhiteSpace@CUtlBuffer@@IAEHH@Z 0047aed0 f   tier1:utlbuffer.obj
 0002:0002dfa0       ?PeekStringLength@CUtlBuffer@@QAEHXZ 0047afa0 f   tier1:utlbuffer.obj
 0002:0002e1b0       ?PeekLineLength@CUtlBuffer@@IAEHXZ 0047b1b0 f   tier1:utlbuffer.obj
 0002:0002e350       ?PeekStringMatch@CUtlBuffer@@IAE_NHPBDH@Z 0047b350 f   tier1:utlbuffer.obj
 0002:0002e3f0       ?PeekDelimitedStringLength@CUtlBuffer@@QAEHPAVCUtlCharConversion@@_N@Z 0047b3f0 f   tier1:utlbuffer.obj
 0002:0002e670       ?GetString@CUtlBuffer@@QAEXPADH@Z 0047b670 f   tier1:utlbuffer.obj
 0002:0002e920       ??0CDbgFmtMsg@@QAA@PBDZZ   0047b920 f i tier1:utlbuffer.obj
 0002:0002e9a0       ??BCDbgFmtMsg@@QBEPBDXZ    0047b9a0 f i tier1:utlbuffer.obj
 0002:0002e9e0       ?GetLine@CUtlBuffer@@QAEXPADH@Z 0047b9e0 f   tier1:utlbuffer.obj
 0002:0002ec10       ?GetDelimitedCharInternal@CUtlBuffer@@IAEDPAVCUtlCharConversion@@@Z 0047bc10 f   tier1:utlbuffer.obj
 0002:0002ed30       ?GetDelimitedChar@CUtlBuffer@@QAEDPAVCUtlCharConversion@@@Z 0047bd30 f   tier1:utlbuffer.obj
 0002:0002edb0       ?GetDelimitedString@CUtlBuffer@@QAEXPAVCUtlCharConversion@@PADH@Z 0047bdb0 f   tier1:utlbuffer.obj
 0002:0002ef70       ?CheckGet@CUtlBuffer@@IAE_NH@Z 0047bf70 f   tier1:utlbuffer.obj
 0002:0002f070       ?CheckPeekGet@CUtlBuffer@@IAE_NHH@Z 0047c070 f   tier1:utlbuffer.obj
 0002:0002f100       ?CheckArbitraryPeekGet@CUtlBuffer@@IAE_NHAAH@Z 0047c100 f   tier1:utlbuffer.obj
 0002:0002f220       ?PeekGet@CUtlBuffer@@QAEPBXHH@Z 0047c220 f   tier1:utlbuffer.obj
 0002:0002f2b0       ?SeekGet@CUtlBuffer@@QAEXW4SeekType_t@1@H@Z 0047c2b0 f   tier1:utlbuffer.obj
 0002:0002f3e0       ?Size@CUtlBuffer@@QBEHXZ   0047c3e0 f i tier1:utlbuffer.obj
 0002:0002f430       ?VaScanf@CUtlBuffer@@QAEHPBDPAD@Z 0047c430 f   tier1:utlbuffer.obj
 0002:0002fc40       ?Scanf@CUtlBuffer@@QAAHPBDZZ 0047cc40 f   tier1:utlbuffer.obj
 0002:0002fcb0       ?GetToken@CUtlBuffer@@QAE_NPBD@Z 0047ccb0 f   tier1:utlbuffer.obj
 0002:0002ff50       ?ParseToken@CUtlBuffer@@QAE_NPBD0PADH@Z 0047cf50 f   tier1:utlbuffer.obj
 0002:000302f0       ?ParseToken@CUtlBuffer@@QAEHPAUcharacterset_t@@PADH_N@Z 0047d2f0 f   tier1:utlbuffer.obj
 0002:00030650       ?Put@CUtlBuffer@@QAEXPBXH@Z 0047d650 f   tier1:utlbuffer.obj
 0002:00030710       ?PutString@CUtlBuffer@@QAEXPBD@Z 0047d710 f   tier1:utlbuffer.obj
 0002:00030900       ?WasLastCharacterCR@CUtlBuffer@@IAE_NXZ 0047d900 f i tier1:utlbuffer.obj
 0002:00030990       ?TellPut@CUtlBuffer@@QBEHXZ 0047d990 f i tier1:utlbuffer.obj
 0002:000309d0       ?PutTabs@CUtlBuffer@@IAEXXZ 0047d9d0 f i tier1:utlbuffer.obj
 0002:00030a80       ?PutDelimitedChar@CUtlBuffer@@QAEXPAVCUtlCharConversion@@D@Z 0047da80 f   tier1:utlbuffer.obj
 0002:00030b10       ?PutChar@CUtlBuffer@@QAEXD@Z 0047db10 f i tier1:utlbuffer.obj
 0002:00030b90       ?PutDelimitedCharInternal@CUtlBuffer@@IAEXPAVCUtlCharConversion@@D@Z 0047db90 f i tier1:utlbuffer.obj
 0002:00030c40       ?PutDelimitedString@CUtlBuffer@@QAEXPAVCUtlCharConversion@@PBD@Z 0047dc40 f   tier1:utlbuffer.obj
 0002:00030dc0       ?VaPrintf@CUtlBuffer@@QAEXPBDPAD@Z 0047ddc0 f   tier1:utlbuffer.obj
 0002:00030f80       ?Printf@CUtlBuffer@@QAAXPBDZZ 0047df80 f   tier1:utlbuffer.obj
 0002:00030ff0       ?SetOverflowFuncs@CUtlBuffer@@IAEXP81@AE_NH@Z0@Z 0047dff0 f   tier1:utlbuffer.obj
 0002:00031040       ?OnPutOverflow@CUtlBuffer@@IAE_NH@Z 0047e040 f   tier1:utlbuffer.obj
 0002:000310b0       ?OnGetOverflow@CUtlBuffer@@IAE_NH@Z 0047e0b0 f   tier1:utlbuffer.obj
 0002:00031120       ?PutOverflow@CUtlBuffer@@IAE_NH@Z 0047e120 f   tier1:utlbuffer.obj
 0002:000311e0       ?GetOverflow@CUtlBuffer@@IAE_NH@Z 0047e1e0 f   tier1:utlbuffer.obj
 0002:00031220       ?CheckPut@CUtlBuffer@@IAE_NH@Z 0047e220 f   tier1:utlbuffer.obj
 0002:00031300       ?SeekPut@CUtlBuffer@@QAEXW4SeekType_t@1@H@Z 0047e300 f   tier1:utlbuffer.obj
 0002:000313e0       ?ActivateByteSwapping@CUtlBuffer@@QAEX_N@Z 0047e3e0 f   tier1:utlbuffer.obj
 0002:00031440       ?ActivateByteSwapping@CByteswap@@QAEX_N@Z 0047e440 f i tier1:utlbuffer.obj
 0002:000314b0       ?SetBigEndian@CUtlBuffer@@QAEX_N@Z 0047e4b0 f   tier1:utlbuffer.obj
 0002:00031510       ?IsBigEndian@CUtlBuffer@@QAE_NXZ 0047e510 f   tier1:utlbuffer.obj
 0002:00031570       ?IsTargetBigEndian@CByteswap@@QAE_NXZ 0047e570 f i tier1:utlbuffer.obj
 0002:000315c0       ?AddNullTermination@CUtlBuffer@@IAEXXZ 0047e5c0 f   tier1:utlbuffer.obj
 0002:00031690       ?ConvertCRLF@CUtlBuffer@@QAE_NAAV1@@Z 0047e690 f   tier1:utlbuffer.obj
 0002:00031aa0       ?Base@CUtlBuffer@@QAEPAXXZ 0047eaa0 f i tier1:utlbuffer.obj
 0002:00031af0       ?Purge@CUtlBuffer@@QAEXXZ  0047eaf0 f i tier1:utlbuffer.obj
 0002:00031b80       ??0CUtlInplaceBuffer@@QAE@HHH@Z 0047eb80 f   tier1:utlbuffer.obj
 0002:00031bf0       ?InplaceGetLinePtr@CUtlInplaceBuffer@@QAE_NPAPADPAH@Z 0047ebf0 f   tier1:utlbuffer.obj
 0002:00031dd0       ?InplaceGetLinePtr@CUtlInplaceBuffer@@QAEPADXZ 0047edd0 f   tier1:utlbuffer.obj
 0002:00032110       ??0?$CUtlMemory@EH@@QAE@PAEH@Z 0047f110 f i tier1:utlbuffer.obj
 0002:00032170       ??0?$CUtlMemory@EH@@QAE@HH@Z 0047f170 f i tier1:utlbuffer.obj
 0002:000323a0       ?Base@?$CUtlMemory@EH@@QAEPAEXZ 0047f3a0 f i tier1:utlbuffer.obj
 0002:000324e0       ?SetExternalBuffer@?$CUtlMemory@EH@@QAEXPAEH@Z 0047f4e0 f i tier1:utlbuffer.obj
 0002:00032560       ?AssumeMemory@?$CUtlMemory@EH@@QAEXPAEH@Z 0047f560 f i tier1:utlbuffer.obj
 0002:000325d0       ?ConvertToGrowableMemory@?$CUtlMemory@EH@@QAEXH@Z 0047f5d0 f i tier1:utlbuffer.obj
 0002:00032740       ?NumAllocated@?$CUtlMemory@EH@@QBEHXZ 0047f740 f i tier1:utlbuffer.obj
 0002:00032780       ?Grow@?$CUtlMemory@EH@@QAEXH@Z 0047f780 f i tier1:utlbuffer.obj
 0002:00032ea0       ?EnsureCapacity@?$CUtlMemory@EH@@QAEXH@Z 0047fea0 f i tier1:utlbuffer.obj
 0002:00033190       ??$GetType@D@CUtlBuffer@@IAEXAADPBD@Z 00480190 f i tier1:utlbuffer.obj
 0002:00033220       ??$PutTypeBin@D@CUtlBuffer@@IAEXD@Z 00480220 f i tier1:utlbuffer.obj
 0002:00033300       ?ValidateGrowSize@?$CUtlMemory@EH@@IAEXXZ 00480300 f i tier1:utlbuffer.obj
 0002:00033340       ??$GetTypeBin@D@CUtlBuffer@@IAEXAAD@Z 00480340 f i tier1:utlbuffer.obj
 0002:00033420       ??$SwapBufferToTargetEndian@D@CByteswap@@QAEXPAD0H@Z 00480420 f i tier1:utlbuffer.obj
 0002:00033550       ??$LowLevelByteSwap@D@CByteswap@@CAXPAD0@Z 00480550 f i tier1:utlbuffer.obj
 0002:00033640       ??0CUtlNoEscConversion@@QAE@DPBDHPAUConversionArray_t@CUtlCharConversion@@@Z 00480640 f i tier1:utlbuffer.obj
 0002:000336c0       ?FindConversion@CUtlNoEscConversion@@UAEDPBDPAH@Z 004806c0 f i tier1:utlbuffer.obj
 0002:00033704       _VStdLib_GetICVarFactory   00480704 f   vstdlib:vstdlib.dll
 0002:0003370a       _KeyValuesSystem           0048070a f   vstdlib:vstdlib.dll
 0002:00033710       __RTC_CheckEsp             00480710 f   LIBCMTD:_stack_.obj
 0002:00033740       @_RTC_CheckStackVars@8     00480740 f   LIBCMTD:_stack_.obj
 0002:000337c0       @_RTC_AllocaHelper@12      004807c0 f   LIBCMTD:_stack_.obj
 0002:00033800       @_RTC_CheckStackVars2@12   00480800 f   LIBCMTD:_stack_.obj
 0002:00033910       __RTC_InitBase             00480910 f   LIBCMTD:_init_.obj
 0002:00033950       __RTC_Shutdown             00480950 f   LIBCMTD:_init_.obj
 0002:00033970       __fpmath                   00480970 f   LIBCMTD:_fpinit_.obj
 0002:00033990       __cfltcvt_init             00480990 f   LIBCMTD:_fpinit_.obj
 0002:00033a20       ___setfflag                00480a20 f   LIBCMTD:_fpinit_.obj
 0002:00033a50       __onexit                   00480a50 f   LIBCMTD:onexit.obj
 0002:00033c90       _atexit                    00480c90 f   LIBCMTD:onexit.obj
 0002:00033cc0       ___onexitinit              00480cc0 f   LIBCMTD:onexit.obj
 0002:00033d30       ?_JumpToContinuation@@YGXPAXPAUEHRegistrationNode@@@Z 00480d30 f   LIBCMTD:_trnsctrl_.obj
 0002:00033d80       ?_CallMemberFunction0@@YGXPAX0@Z 00480d80 f   LIBCMTD:_trnsctrl_.obj
 0002:00033d90       ?_CallMemberFunction1@@YGXPAX00@Z 00480d90 f   LIBCMTD:_trnsctrl_.obj
 0002:00033da0       ?_CallMemberFunction2@@YGXPAX00H@Z 00480da0 f   LIBCMTD:_trnsctrl_.obj
 0002:00033db0       ?_UnwindNestedFrames@@YGXPAUEHRegistrationNode@@PAUEHExceptionRecord@@@Z 00480db0 f   LIBCMTD:_trnsctrl_.obj
 0002:00033e20       ___CxxFrameHandler         00480e20 f   LIBCMTD:_trnsctrl_.obj
[...]
 0004:00001b1c       __pwctype                  00505b1c     LIBCMTD:ctype.obj
 0004:00001b24       ___mb_cur_max              00505b24     LIBCMTD:nlsdata1.obj
 0004:00001b28       ___decimal_point           00505b28     LIBCMTD:nlsdata1.obj
 0004:00001b2c       ___decimal_point_length    00505b2c     LIBCMTD:nlsdata1.obj
 0004:00001b80       __pow10pos                 00505b80     LIBCMTD:_constpow_.obj
 0004:00001ce0       __pow10neg                 00505ce0     LIBCMTD:_constpow_.obj
 0004:00001eec       __confh                    00505eec     LIBCMTD:initcon.obj
 0004:00002080       ?g_pDataCache@@3PAVIDataCache@@A 00506080     main.obj
 0004:00002084       ?g_pInputSystem@@3PAVIInputSystem@@A 00506084     main.obj
 0004:00002088       ?g_pMaterialSystem@@3PAVIMaterialSystem@@A 00506088     main.obj
 0004:0000208c       ?g_pHammer@@3PAVIHammer@@A 0050608c     main.obj
 0004:00002090       ?g_pFileSystem@@3PAVIFileSystem@@A 00506090     main.obj
 0004:000020c8       ?g_ApplicationObject@@3VCHammerApp@@A 005060c8     main.obj
 0004:00002138       ?s_Sentinel@?1??Links@?$CUtlRBTree@UNode_t@?$CUtlMap@PBDHG@@GVCKeyLess@2@V?$CUtlMemory@U?$UtlRBTreeNode_t@UNode_t@?$CUtlMap@PBDHG@@G@@G@@@@IBEABU?$UtlRBTreeLinks_t@G@@G@Z@4U3@A 00506138     main.obj
 0004:00002144       ??_B?1??Links@?$CUtlRBTree@UNode_t@?$CUtlMap@PBDHG@@GVCKeyLess@2@V?$CUtlMemory@U?$UtlRBTreeNode_t@UNode_t@?$CUtlMap@PBDHG@@G@@G@@@@IBEABU?$UtlRBTreeLinks_t@G@@G@Z@51 00506144     main.obj
 0004:00002148       ?s_HInstance@@3PAUHINSTANCE__@@A 00506148     appframework:WinApp.obj
 0004:00002160       ?s_pCurrentAppSystem@@3PAVCAppSystemGroup@@A 00506160     appframework:AppSystemGroup.obj
 0004:0000254c       ?s_pInterfaceRegs@InterfaceReg@@2PAV1@A 0050654c     tier1:interface.obj
 0004:00003160       ?g_KeyValuesErrorStack@@3VCKeyValuesErrorStack@@A 00507160     tier1:KeyValues.obj
 0004:00003510       ?s_StringCharConversion@@3VCUtlCStringConversion@@A 00507510     tier1:utlbuffer.obj
 0004:00003f28       ?s_NoEscConversion@@3VCUtlNoEscConversion@@A 00507f28     tier1:utlbuffer.obj
 0004:00004c18       ___fastflag                00508c18     LIBCMTD:_fpinit_.obj
 0004:00004c1c       __aenvptr                  00508c1c     LIBCMTD:wincrt0.obj
 0004:00004c20       __wenvptr                  00508c20     LIBCMTD:wincrt0.obj
 0004:00004c24       ___error_mode              00508c24     LIBCMTD:wincrt0.obj
 0004:00004c30       ?__type_info_root_node@@3U__type_info_node@@A 00508c30     LIBCMTD:tncleanup.obj
 0004:00004c50       ?wsprintffp@@3P6AHPADPBDZZA 00508c50     LIBCMTD:_error_.obj
 0004:00004c60       __umaskval                 00508c60     LIBCMTD:crt0dat.obj
 0004:00004c64       ___argc                    00508c64     LIBCMTD:crt0dat.obj
 0004:00004c68       ___argv                    00508c68     LIBCMTD:crt0dat.obj
 0004:00004c6c       ___wargv                   00508c6c     LIBCMTD:crt0dat.obj
 0004:00004c70       __environ                  00508c70     LIBCMTD:crt0dat.obj
 0004:00004c74       ___initenv                 00508c74     LIBCMTD:crt0dat.obj
 0004:00004c78       __wenviron                 00508c78     LIBCMTD:crt0dat.obj
 0004:00004c7c       ___winitenv                00508c7c     LIBCMTD:crt0dat.obj
 0004:00004c80       __pgmptr                   00508c80     LIBCMTD:crt0dat.obj
 0004:00004c84       __wpgmptr                  00508c84     LIBCMTD:crt0dat.obj
 0004:00004c88       __exitflag                 00508c88     LIBCMTD:crt0dat.obj
 0004:00004c8c       __C_Termination_Done       00508c8c     LIBCMTD:crt0dat.obj
 0004:00004c90       __C_Exit_Done              00508c90     LIBCMTD:crt0dat.obj
 0004:00004cb8       ?_pfnDumpClient@@3P6AXPAXI@ZA 00508cb8     LIBCMTD:dbgheap.obj
 0004:00004cc0       ___crtDebugCheckCount      00508cc0     LIBCMTD:dbgheap.obj
 0004:00004cd0       _gpFlsAlloc                00508cd0     LIBCMTD:tidtable.obj
 0004:00004cd4       _gpFlsGetValue             00508cd4     LIBCMTD:tidtable.obj
 0004:00004cd8       _gpFlsSetValue             00508cd8     LIBCMTD:tidtable.obj
 0004:00004cdc       _gpFlsFree                 00508cdc     LIBCMTD:tidtable.obj
 0004:00004ce4       ?__pInconsistency@@3P6AXXZA 00508ce4     LIBCMTD:hooks.obj
 0004:00004e34       __crtheap                  00508e34     LIBCMTD:heapinit.obj
 0004:0000559c       __cflush                   0050959c     LIBCMTD:_file.obj
 0004:000055a0       __stdbuf                   005095a0     LIBCMTD:_sftbuf.obj
 0004:000055ac       ___pInvalidArgHandler      005095ac     LIBCMTD:invarg.obj
 0004:000055b0       ___pPurecall               005095b0     LIBCMTD:inithelp.obj
 0004:0000576c       ___mbulinfo                0050976c     LIBCMTD:mbctype.obj
 0004:00005778       ___mbcodepage              00509778     LIBCMTD:mbctype.obj
 0004:0000577c       ___ismbcodepage            0050977c     LIBCMTD:mbctype.obj
 0004:00005780       ___mblcid                  00509780     LIBCMTD:mbctype.obj
 0004:0000578c       ___locale_changed          0050978c     LIBCMTD:setlocal.obj
 0004:000057c8       __outputformat             005097c8     LIBCMTD:outputformat.obj
 0004:000057d0       ?_pnhHeap@@3P6AHI@ZA       005097d0     LIBCMTD:handler.obj
 0004:000057d4       __newmode                  005097d4     LIBCMTD:_newmode.obj
 0004:00005bb0       ?pArgList@UnDecorator@@0PAVReplicator@@A 00509bb0     LIBCMTD:undname.obj
 0004:00005bb4       ?pZNameList@UnDecorator@@0PAVReplicator@@A 00509bb4     LIBCMTD:undname.obj
 0004:00005bb8       ?pTemplateArgList@UnDecorator@@0PAVReplicator@@A 00509bb8     LIBCMTD:undname.obj
 0004:00005bbc       ?gName@UnDecorator@@0PBDB  00509bbc     LIBCMTD:undname.obj
 0004:00005bc0       ?name@UnDecorator@@0PBDB   00509bc0     LIBCMTD:undname.obj
 0004:00005bc4       ?outputString@UnDecorator@@0PADA 00509bc4     LIBCMTD:undname.obj
 0004:00005bc8       ?maxStringLength@UnDecorator@@0HA 00509bc8     LIBCMTD:undname.obj
 0004:00005bcc       ?disableFlags@UnDecorator@@0KA 00509bcc     LIBCMTD:undname.obj
 0004:00005bd0       ?m_pGetParameter@UnDecorator@@0P6APADJ@ZA 00509bd0     LIBCMTD:undname.obj
 0004:00005bd4       ?fExplicitTemplateParams@UnDecorator@@0_NA 00509bd4     LIBCMTD:undname.obj
 0004:00005bd5       ?fGetTemplateArgumentList@UnDecorator@@0_NA 00509bd5     LIBCMTD:undname.obj
 0004:00005c48       ?nodes@?1??make@DNameStatusNode@@SAPAV2@W4DNameStatus@@@Z@4PAV2@A 00509c48     LIBCMTD:undname.obj
 0004:00005c84       ??_B?1??make@DNameStatusNode@@SAPAV1@W4DNameStatus@@@Z@51 00509c84     LIBCMTD:undname.obj
 0004:00005c88       __commode                  00509c88     LIBCMTD:ncommode.obj
 0004:00005c8c       ___lconv_static_null       00509c8c     LIBCMTD:lconv.obj
 0004:00005c90       ___lconv_static_W_null     00509c90     LIBCMTD:lconv.obj
 0004:00005cac       __fmode                    00509cac     LIBCMTD:txtmode.obj
 0004:00005cb0       __pfnReportHook            00509cb0     <common>
 0004:00005cc0       __pReportHookListW         00509cc0     <common>
 0004:00005cc4       __pReportHookList          00509cc4     <common>
 0004:00005cc8       __debugger_hook_dummy      00509cc8     <common>
 0004:00005cd4       ___setlc_active            00509cd4     <common>
 0004:00005ce4       ___unguarded_readlc_active 00509ce4     <common>
 0004:00005ce8       ___piob                    00509ce8     <common>
 0004:00006040       __bufin                    0050a040     <common>
 0004:00007040       __nstream                  0050b040     <common>
 0004:00007044       __nhandle                  0050b044     <common>
 0004:000070a0       ___pioinfo                 0050b0a0     <common>
 0004:000071a0       ___sse2_available          0050b1a0     <common>
 0004:000071ac       ___env_initialized         0050b1ac     <common>
 0004:000071bc       ___onexitend               0050b1bc     <common>
 0004:000071c0       ___onexitbegin             0050b1c0     <common>
 0004:000071c4       ___mbctype_initialized     0050b1c4     <common>
 0004:000071c8       ___dyn_tls_init_callback   0050b1c8     <common>
 0004:000071cc       __acmdln                   0050b1cc     <common>
 0004:000071dc       __NoHeapEnableTerminationOnCorruption 0050b1dc     <common>
 0005:00000000       __IMPORT_DESCRIPTOR_USER32 0050c000     user32:USER32.dll
 0005:00000014       __IMPORT_DESCRIPTOR_tier0  0050c014     tier0:tier0.dll
 0005:00000028       __IMPORT_DESCRIPTOR_vstdlib 0050c028     vstdlib:vstdlib.dll
 0005:0000003c       __IMPORT_DESCRIPTOR_KERNEL32 0050c03c     kernel32:KERNEL32.dll
 0005:00000050       __IMPORT_DESCRIPTOR_ADVAPI32 0050c050     advapi32:ADVAPI32.dll
 0005:00000064       __NULL_IMPORT_DESCRIPTOR   0050c064     user32:USER32.dll
 0005:000003bc       __imp__RegQueryValueExA@24 0050c3bc     advapi32:ADVAPI32.dll
 0005:000003c0       __imp__RegOpenKeyExA@20    0050c3c0     advapi32:ADVAPI32.dll
 0005:000003c4       __imp__RegCloseKey@4       0050c3c4     advapi32:ADVAPI32.dll
 0005:000003c8       \177ADVAPI32_NULL_THUNK_DATA 0050c3c8     advapi32:ADVAPI32.dll
 0005:000003f4       __imp__GetConsoleMode@8    0050c3f4     kernel32:KERNEL32.dll
 0005:000003f8       __imp__FreeEnvironmentStringsW@4 0050c3f8     kernel32:KERNEL32.dll
 0005:000003fc       __imp__CreateFileW@28      0050c3fc     kernel32:KERNEL32.dll
 0005:00000400       __imp__SetEndOfFile@4      0050c400     kernel32:KERNEL32.dll
 0005:00000404       __imp__GetUserDefaultLCID@0 0050c404     kernel32:KERNEL32.dll
 0005:00000408       __imp__EnumSystemLocalesA@8 0050c408     kernel32:KERNEL32.dll
 0005:0000040c       __imp__IsValidLocale@8     0050c40c     kernel32:KERNEL32.dll
 0005:00000410       __imp__GetLocaleInfoA@16   0050c410     kernel32:KERNEL32.dll
 0005:00000414       __imp__CreateProcessA@40   0050c414     kernel32:KERNEL32.dll
 0005:00000418       __imp__WaitForSingleObject@8 0050c418     kernel32:KERNEL32.dll
 0005:0000041c       __imp__GetExitCodeProcess@8 0050c41c     kernel32:KERNEL32.dll
 0005:00000420       __imp__CompareStringW@24   0050c420     kernel32:KERNEL32.dll
 0005:00000424       __imp__GetCommandLineA@0   0050c424     kernel32:KERNEL32.dll
 0005:00000428       __imp__GetModuleFileNameA@12 0050c428     kernel32:KERNEL32.dll
 0005:0000042c       __imp__GetModuleHandleA@4  0050c42c     kernel32:KERNEL32.dll
 0005:00000430       __imp__GetEnvironmentVariableA@12 0050c430     kernel32:KERNEL32.dll
 0005:00000434       __imp__MultiByteToWideChar@24 0050c434     kernel32:KERNEL32.dll
 0005:00000438       __imp__WideCharToMultiByte@32 0050c438     kernel32:KERNEL32.dll
 0005:0000043c       __imp__LoadLibraryExA@12   0050c43c     kernel32:KERNEL32.dll
 0005:00000440       __imp__LocalFree@4         0050c440     kernel32:KERNEL32.dll
 0005:00000444       __imp__FormatMessageA@28   0050c444     kernel32:KERNEL32.dll
 0005:00000448       __imp__GetLastError@0      0050c448     kernel32:KERNEL32.dll
 0005:0000044c       __imp__GetProcAddress@8    0050c44c     kernel32:KERNEL32.dll
 0005:00000450       __imp__FreeLibrary@4       0050c450     kernel32:KERNEL32.dll
 0005:00000454       __imp__EncodePointer@4     0050c454     kernel32:KERNEL32.dll
 0005:00000458       __imp__DecodePointer@4     0050c458     kernel32:KERNEL32.dll
 0005:0000045c       __imp__RtlUnwind@16        0050c45c     kernel32:KERNEL32.dll
 0005:00000460       __imp__HeapSetInformation@16 0050c460     kernel32:KERNEL32.dll
 0005:00000464       __imp__GetStartupInfoW@4   0050c464     kernel32:KERNEL32.dll
 0005:00000468       __imp__GetFullPathNameA@16 0050c468     kernel32:KERNEL32.dll
 0005:0000046c       __imp__GetDriveTypeW@4     0050c46c     kernel32:KERNEL32.dll
 0005:00000470       __imp__GetFileAttributesA@4 0050c470     kernel32:KERNEL32.dll
 0005:00000474       __imp__SetEnvironmentVariableA@8 0050c474     kernel32:KERNEL32.dll
 0005:00000478       __imp__GetCurrentDirectoryA@8 0050c478     kernel32:KERNEL32.dll
 0005:0000047c       __imp__SetCurrentDirectoryA@4 0050c47c     kernel32:KERNEL32.dll
 0005:00000480       __imp__HeapValidate@12     0050c480     kernel32:KERNEL32.dll
 0005:00000484       __imp__GetModuleFileNameW@12 0050c484     kernel32:KERNEL32.dll
 0005:00000488       __imp__WriteConsoleW@20    0050c488     kernel32:KERNEL32.dll
 0005:0000048c       __imp__GetFileType@4       0050c48c     kernel32:KERNEL32.dll
 0005:00000490       __imp__GetStdHandle@4      0050c490     kernel32:KERNEL32.dll
 0005:00000494       __imp__IsDebuggerPresent@0 0050c494     kernel32:KERNEL32.dll
 0005:00000498       __imp__RaiseException@16   0050c498     kernel32:KERNEL32.dll
 0005:0000049c       __imp__lstrlenA@4          0050c49c     kernel32:KERNEL32.dll
 0005:000004a0       __imp__LoadLibraryW@4      0050c4a0     kernel32:KERNEL32.dll
 0005:000004a4       __imp__InterlockedIncrement@4 0050c4a4     kernel32:KERNEL32.dll
 0005:000004a8       __imp__InterlockedDecrement@4 0050c4a8     kernel32:KERNEL32.dll
 0005:000004ac       __imp__GetModuleHandleW@4  0050c4ac     kernel32:KERNEL32.dll
 0005:000004b0       __imp__ExitProcess@4       0050c4b0     kernel32:KERNEL32.dll
 0005:000004b4       __imp__IsBadReadPtr@8      0050c4b4     kernel32:KERNEL32.dll
 0005:000004b8       __imp__TlsAlloc@0          0050c4b8     kernel32:KERNEL32.dll
 0005:000004bc       __imp__TlsGetValue@4       0050c4bc     kernel32:KERNEL32.dll
 0005:000004c0       __imp__TlsSetValue@8       0050c4c0     kernel32:KERNEL32.dll
 0005:000004c4       __imp__GetCurrentThreadId@0 0050c4c4     kernel32:KERNEL32.dll
 0005:000004c8       __imp__TlsFree@4           0050c4c8     kernel32:KERNEL32.dll
 0005:000004cc       __imp__SetLastError@4      0050c4cc     kernel32:KERNEL32.dll
 0005:000004d0       __imp__GetCurrentThread@0  0050c4d0     kernel32:KERNEL32.dll
 0005:000004d4       __imp__IsProcessorFeaturePresent@4 0050c4d4     kernel32:KERNEL32.dll
 0005:000004d8       __imp__SetUnhandledExceptionFilter@4 0050c4d8     kernel32:KERNEL32.dll
 0005:000004dc       __imp__QueryPerformanceCounter@4 0050c4dc     kernel32:KERNEL32.dll
 0005:000004e0       __imp__GetTickCount@0      0050c4e0     kernel32:KERNEL32.dll
 0005:000004e4       __imp__GetCurrentProcessId@0 0050c4e4     kernel32:KERNEL32.dll
 0005:000004e8       __imp__GetSystemTimeAsFileTime@4 0050c4e8     kernel32:KERNEL32.dll
 0005:000004ec       __imp__GetConsoleCP@0      0050c4ec     kernel32:KERNEL32.dll
 0005:000004f0       __imp__GetEnvironmentStringsW@0 0050c4f0     kernel32:KERNEL32.dll
 0005:000004f4       __imp__SetHandleCount@4    0050c4f4     kernel32:KERNEL32.dll
 0005:000004f8       __imp__InitializeCriticalSectionAndSpinCount@8 0050c4f8     kernel32:KERNEL32.dll
 0005:000004fc       __imp__DeleteCriticalSection@4 0050c4fc     kernel32:KERNEL32.dll
 0005:00000500       __imp__HeapCreate@12       0050c500     kernel32:KERNEL32.dll
 0005:00000504       __imp__HeapDestroy@4       0050c504     kernel32:KERNEL32.dll
 0005:00000508       __imp__WriteFile@20        0050c508     kernel32:KERNEL32.dll
 0005:0000050c       __imp__EnterCriticalSection@4 0050c50c     kernel32:KERNEL32.dll
 0005:00000510       __imp__LeaveCriticalSection@4 0050c510     kernel32:KERNEL32.dll
 0005:00000514       __imp__TerminateProcess@8  0050c514     kernel32:KERNEL32.dll
 0005:00000518       __imp__GetCurrentProcess@0 0050c518     kernel32:KERNEL32.dll
 0005:0000051c       __imp__UnhandledExceptionFilter@4 0050c51c     kernel32:KERNEL32.dll
 0005:00000520       __imp__GetLocaleInfoW@16   0050c520     kernel32:KERNEL32.dll
 0005:00000524       __imp__FatalAppExitA@8     0050c524     kernel32:KERNEL32.dll
 0005:00000528       __imp__GetCurrentDirectoryW@8 0050c528     kernel32:KERNEL32.dll
 0005:0000052c       __imp__SetCurrentDirectoryW@4 0050c52c     kernel32:KERNEL32.dll
 0005:00000530       __imp__CloseHandle@4       0050c530     kernel32:KERNEL32.dll
 0005:00000534       __imp__ReadFile@20         0050c534     kernel32:KERNEL32.dll
 0005:00000538       __imp__SetFilePointer@16   0050c538     kernel32:KERNEL32.dll
 0005:0000053c       __imp__SetEnvironmentVariableW@8 0050c53c     kernel32:KERNEL32.dll
 0005:00000540       __imp__LCMapStringW@24     0050c540     kernel32:KERNEL32.dll
 0005:00000544       __imp__GetACP@0            0050c544     kernel32:KERNEL32.dll
 0005:00000548       __imp__GetOEMCP@0          0050c548     kernel32:KERNEL32.dll
 0005:0000054c       __imp__GetCPInfo@8         0050c54c     kernel32:KERNEL32.dll
 0005:00000550       __imp__IsValidCodePage@4   0050c550     kernel32:KERNEL32.dll
 0005:00000554       __imp__GetStringTypeW@16   0050c554     kernel32:KERNEL32.dll
 0005:00000558       __imp__SetConsoleCtrlHandler@8 0050c558     kernel32:KERNEL32.dll
 0005:0000055c       __imp__HeapFree@12         0050c55c     kernel32:KERNEL32.dll
 0005:00000560       __imp__HeapAlloc@12        0050c560     kernel32:KERNEL32.dll
 0005:00000564       __imp__GetProcessHeap@0    0050c564     kernel32:KERNEL32.dll
 0005:00000568       __imp__VirtualQuery@12     0050c568     kernel32:KERNEL32.dll
 0005:0000056c       __imp__InterlockedExchange@8 0050c56c     kernel32:KERNEL32.dll
 0005:00000570       __imp__HeapReAlloc@16      0050c570     kernel32:KERNEL32.dll
 0005:00000574       __imp__HeapSize@12         0050c574     kernel32:KERNEL32.dll
 0005:00000578       __imp__HeapQueryInformation@20 0050c578     kernel32:KERNEL32.dll
 0005:0000057c       __imp__OutputDebugStringA@4 0050c57c     kernel32:KERNEL32.dll
 0005:00000580       __imp__OutputDebugStringW@4 0050c580     kernel32:KERNEL32.dll
 0005:00000584       __imp__SetStdHandle@8      0050c584     kernel32:KERNEL32.dll
 0005:00000588       __imp__FlushFileBuffers@4  0050c588     kernel32:KERNEL32.dll
 0005:0000058c       __imp__CreateFileA@28      0050c58c     kernel32:KERNEL32.dll
 0005:00000590       \177KERNEL32_NULL_THUNK_DATA 0050c590     kernel32:KERNEL32.dll
 0005:0000060c       __imp__MessageBoxA@16      0050c60c     user32:USER32.dll
 0005:00000610       \177USER32_NULL_THUNK_DATA 0050c610     user32:USER32.dll
 0005:0000063c       __imp__SpewOutputFunc      0050c63c     tier0:tier0.dll
 0005:00000640       __imp__DevMsg              0050c640     tier0:tier0.dll
 0005:00000644       __imp__ThreadWaitForObjects 0050c644     tier0:tier0.dll
 0005:00000648       __imp__Warning             0050c648     tier0:tier0.dll
 0005:0000064c       __imp__Plat_DebugString    0050c64c     tier0:tier0.dll
 0005:00000650       __imp__g_pMemAlloc         0050c650     tier0:tier0.dll
 0005:00000654       __imp___SpewInfo           0050c654     tier0:tier0.dll
 0005:00000658       __imp___SpewMessage        0050c658     tier0:tier0.dll
 0005:0000065c       __imp__ShouldUseNewAssertDialog 0050c65c     tier0:tier0.dll
 0005:00000660       __imp__DoNewAssertDialog   0050c660     tier0:tier0.dll
 0005:00000664       __imp___ExitOnFatalAssert  0050c664     tier0:tier0.dll
 0005:00000668       __imp_?DevMsg@@YAXPBDZZ    0050c668     tier0:tier0.dll
 0005:0000066c       __imp__Error               0050c66c     tier0:tier0.dll
 0005:00000670       __imp__CommandLine_Tier0   0050c670     tier0:tier0.dll
 0005:00000674       __imp__AssertValidStringPtr 0050c674     tier0:tier0.dll
 0005:00000678       __imp___AssertValidWritePtr 0050c678     tier0:tier0.dll
 0005:0000067c       __imp___AssertValidReadPtr 0050c67c     tier0:tier0.dll
 0005:00000680       __imp__Plat_IsInDebugSession 0050c680     tier0:tier0.dll
 0005:00000684       __imp__ReleaseThreadHandle 0050c684     tier0:tier0.dll
 0005:00000688       __imp__CreateSimpleThread  0050c688     tier0:tier0.dll
 0005:0000068c       __imp__GetThreadedLoadLibraryFunc 0050c68c     tier0:tier0.dll
 0005:00000690       \177tier0_NULL_THUNK_DATA  0050c690     tier0:tier0.dll
 0005:000006cc       __imp__KeyValuesSystem     0050c6cc     vstdlib:vstdlib.dll
 0005:000006d0       __imp__VStdLib_GetICVarFactory 0050c6d0     vstdlib:vstdlib.dll
 0005:000006d4       \177vstdlib_NULL_THUNK_DATA 0050c6d4     vstdlib:vstdlib.dll

 entry point at        0002:00001798

